✖ [8568/9297] Running PastaBench.Support
error: no such file or directory (error code: 4294967294)
  file: /home/anirudhgupta/PyAstLean/PastaBench/Support.lean
✖ [8569/9299] Running job computation
error: PastaBench: some modules have bad imports
✖ [8570/9299] Running PastaBench
error: PastaBench.lean: bad import 'PastaBench.Support'
⚠ [8584/9299] Replayed PastaLean.PyAPI.Strings
warning: PastaLean/PyAPI/Strings.lean:416:20: This simp argument is unused:
  hm

Hint: Omit it from the simp argument list.
  simp ̵[̵h̵m̵]̵

Note: This linter can be disabled with `set_option linter.unusedSimpArgs false`
⚠ [8697/9299] Replayed PastaBench.leetcode.NumberOfExcellentPairs.Generated
warning: PastaBench/leetcode/NumberOfExcellentPairs/Generated.lean:107:8: declaration uses `sorry`
⚠ [8698/9299] Replayed PastaBench.leetcode.NumberOfSubarraysWithAndValueOfK.Generated
warning: PastaBench/leetcode/NumberOfSubarraysWithAndValueOfK/Generated.lean:82:8: declaration uses `sorry`
⚠ [8699/9299] Replayed PastaBench.leetcode.NumberOfUniqueGoodSubsequences.Generated
warning: PastaBench/leetcode/NumberOfUniqueGoodSubsequences/Generated.lean:94:8: declaration uses `sorry`
⚠ [8700/9299] Replayed PastaBench.leetcode.RussianDollEnvelopes.Generated
warning: PastaBench/leetcode/RussianDollEnvelopes/Generated.lean:102:8: declaration uses `sorry`
⚠ [8702/9299] Replayed PastaBench.leetcode.StrangePrinter.Generated
warning: PastaBench/leetcode/StrangePrinter/Generated.lean:88:8: declaration uses `sorry`
⚠ [8703/9299] Replayed PastaBench.leetcode.TotalAppealOfAString.Generated
warning: PastaBench/leetcode/TotalAppealOfAString/Generated.lean:93:8: declaration uses `sorry`
⚠ [8705/9299] Replayed PastaBench.leetcode.N4KeysKeyboard.Generated
warning: PastaBench/leetcode/N4KeysKeyboard/Generated.lean:43:8: declaration uses `sorry`
⚠ [8707/9299] Replayed PastaBench.leetcode.ApplyOperationsToMakeSumOfArrayGreaterThanOrEqualToK.Generated
warning: PastaBench/leetcode/ApplyOperationsToMakeSumOfArrayGreaterThanOrEqualToK/Generated.lean:69:8: declaration uses `sorry`
⚠ [8709/9299] Replayed PastaBench.leetcode.BestSightseeingPair.Generated
warning: PastaBench/leetcode/BestSightseeingPair/Generated.lean:87:8: declaration uses `sorry`
⚠ [8711/9299] Replayed PastaBench.leetcode.CountAlternatingSubarrays.Generated
warning: PastaBench/leetcode/CountAlternatingSubarrays/Generated.lean:81:8: declaration uses `sorry`
⚠ [8713/9299] Replayed PastaBench.leetcode.CountNumberOfBadPairs.Generated
warning: PastaBench/leetcode/CountNumberOfBadPairs/Generated.lean:72:8: declaration uses `sorry`
⚠ [8715/9299] Replayed PastaBench.leetcode.CountNumberOfDistinctIntegersAfterReverseOperations.Generated
warning: PastaBench/leetcode/CountNumberOfDistinctIntegersAfterReverseOperations/Generated.lean:81:8: declaration uses `sorry`
⚠ [8717/9299] Replayed PastaBench.leetcode.FindTheDivisibilityArrayOfAString.Generated
warning: PastaBench/leetcode/FindTheDivisibilityArrayOfAString/Generated.lean:78:8: declaration uses `sorry`
⚠ [8719/9299] Replayed PastaBench.leetcode.FindTriangularSumOfAnArray.Generated
warning: PastaBench/leetcode/FindTriangularSumOfAnArray/Generated.lean:57:8: declaration uses `sorry`
⚠ [8723/9299] Replayed PastaBench.leetcode.FrogJumpIi.Generated
warning: PastaBench/leetcode/FrogJumpIi/Generated.lean:43:8: declaration uses `sorry`
⚠ [8725/9299] Replayed PastaBench.leetcode.HIndex.Generated
warning: PastaBench/leetcode/HIndex/Generated.lean:87:8: declaration uses `sorry`
⚠ [8731/9299] Replayed PastaBench.leetcode.LastMomentBeforeAllAntsFallOutOfAPlank.Generated
warning: PastaBench/leetcode/LastMomentBeforeAllAntsFallOutOfAPlank/Generated.lean:69:8: declaration uses `sorry`
⚠ [8735/9299] Replayed PastaBench.leetcode.MaximizeGreatnessOfAnArray.Generated
warning: PastaBench/leetcode/MaximizeGreatnessOfAnArray/Generated.lean:64:8: declaration uses `sorry`
⚠ [8737/9299] Replayed PastaBench.leetcode.MaximumConsecutiveFloorsWithoutSpecialFloors.Generated
warning: PastaBench/leetcode/MaximumConsecutiveFloorsWithoutSpecialFloors/Generated.lean:61:8: declaration uses `sorry`
⚠ [8739/9299] Replayed PastaBench.leetcode.MaximumLinearStockScore.Generated
warning: PastaBench/leetcode/MaximumLinearStockScore/Generated.lean:57:8: declaration uses `sorry`
⚠ [8743/9299] Replayed PastaBench.leetcode.MinimumAddToMakeParenthesesValid.Generated
warning: PastaBench/leetcode/MinimumAddToMakeParenthesesValid/Generated.lean:80:8: declaration uses `sorry`
⚠ [8745/9299] Replayed PastaBench.leetcode.MinimumNumberOfStepsToMakeTwoStringsAnagram.Generated
warning: PastaBench/leetcode/MinimumNumberOfStepsToMakeTwoStringsAnagram/Generated.lean:61:8: declaration uses `sorry`
⚠ [8747/9299] Replayed PastaBench.leetcode.MinimumNumberOfStepsToMakeTwoStringsAnagramIi.Generated
warning: PastaBench/leetcode/MinimumNumberOfStepsToMakeTwoStringsAnagramIi/Generated.lean:56:8: declaration uses `sorry`
⚠ [8751/9299] Replayed PastaBench.leetcode.NumberOfSubArraysOfSizeKAndAverageGreaterThanOrEqualToThreshold.Generated
warning: PastaBench/leetcode/NumberOfSubArraysOfSizeKAndAverageGreaterThanOrEqualToThreshold/Generated.lean:90:8: declaration uses `sorry`
⚠ [8753/9299] Replayed PastaBench.leetcode.NumberOfTimesBinaryStringIsPrefixAligned.Generated
warning: PastaBench/leetcode/NumberOfTimesBinaryStringIsPrefixAligned/Generated.lean:78:8: declaration uses `sorry`
⚠ [8755/9299] Replayed PastaBench.leetcode.NumberOfWaysToBuyPensAndPencils.Generated
warning: PastaBench/leetcode/NumberOfWaysToBuyPensAndPencils/Generated.lean:78:8: declaration uses `sorry`
⚠ [8757/9299] Replayed PastaBench.leetcode.NumberOfWaysToSplitArray.Generated
warning: PastaBench/leetcode/NumberOfWaysToSplitArray/Generated.lean:66:8: declaration uses `sorry`
⚠ [8761/9299] Replayed PastaBench.leetcode.PaintFence.Generated
warning: PastaBench/leetcode/PaintFence/Generated.lean:120:8: declaration uses `sorry`
⚠ [8763/9299] Replayed PastaBench.leetcode.QueriesOnAPermutationWithKey.Generated
warning: PastaBench/leetcode/QueriesOnAPermutationWithKey/Generated.lean:92:8: declaration uses `sorry`
⚠ [8765/9299] Replayed PastaBench.leetcode.QueueReconstructionByHeight.Generated
warning: PastaBench/leetcode/QueueReconstructionByHeight/Generated.lean:150:8: declaration uses `sorry`
⚠ [8767/9299] Replayed PastaBench.leetcode.RabbitsInForest.Generated
warning: PastaBench/leetcode/RabbitsInForest/Generated.lean:84:8: declaration uses `sorry`
⚠ [8769/9299] Replayed PastaBench.leetcode.RemoveStonesToMinimizeTheTotal.Generated
warning: PastaBench/leetcode/RemoveStonesToMinimizeTheTotal/Generated.lean:61:8: declaration uses `sorry`
⚠ [8773/9299] Replayed PastaBench.leetcode.SubstringsThatBeginAndEndWithTheSameLetter.Generated
warning: PastaBench/leetcode/SubstringsThatBeginAndEndWithTheSameLetter/Generated.lean:48:8: declaration uses `sorry`
⚠ [8775/9299] Replayed PastaBench.leetcode.TaskSchedulerIi.Generated
warning: PastaBench/leetcode/TaskSchedulerIi/Generated.lean:76:8: declaration uses `sorry`
⚠ [8777/9299] Replayed PastaBench.leetcode.AddToArrayFormOfInteger.Generated
warning: PastaBench/leetcode/AddToArrayFormOfInteger/Generated.lean:97:8: declaration uses `sorry`
⚠ [8779/9299] Replayed PastaBench.leetcode.ArmstrongNumber.Generated
warning: PastaBench/leetcode/ArmstrongNumber/Generated.lean:66:8: declaration uses `sorry`
⚠ [8781/9299] Replayed PastaBench.leetcode.BinaryNumberWithAlternatingBits.Generated
warning: PastaBench/leetcode/BinaryNumberWithAlternatingBits/Generated.lean:69:8: declaration uses `sorry`
⚠ [8783/9299] Replayed PastaBench.leetcode.BinarySearch.Generated
warning: PastaBench/leetcode/BinarySearch/Generated.lean:93:8: declaration uses `sorry`
⚠ [8785/9299] Replayed PastaBench.leetcode.CalculateDigitSumOfAString.Generated
warning: PastaBench/leetcode/CalculateDigitSumOfAString/Generated.lean:70:8: declaration uses `sorry`
⚠ [8787/9299] Replayed PastaBench.leetcode.ConstructTheRectangle.Generated
warning: PastaBench/leetcode/ConstructTheRectangle/Generated.lean:46:8: declaration uses `sorry`
⚠ [8789/9299] Replayed PastaBench.leetcode.CountOperationsToObtainZero.Generated
warning: PastaBench/leetcode/CountOperationsToObtainZero/Generated.lean:60:8: declaration uses `sorry`
⚠ [8791/9299] Replayed PastaBench.leetcode.CountSubstringsWithOnlyOneDistinctLetter.Generated
warning: PastaBench/leetcode/CountSubstringsWithOnlyOneDistinctLetter/Generated.lean:80:8: declaration uses `sorry`
⚠ [8793/9299] Replayed PastaBench.leetcode.DistanceBetweenBusStops.Generated
warning: PastaBench/leetcode/DistanceBetweenBusStops/Generated.lean:84:8: declaration uses `sorry`
⚠ [8795/9299] Replayed PastaBench.leetcode.FinalPricesWithASpecialDiscountInAShop.Generated
warning: PastaBench/leetcode/FinalPricesWithASpecialDiscountInAShop/Generated.lean:94:8: declaration uses `sorry`
⚠ [8797/9299] Replayed PastaBench.leetcode.FindTheLosersOfTheCircularGame.Generated
warning: PastaBench/leetcode/FindTheLosersOfTheCircularGame/Generated.lean:93:8: declaration uses `sorry`
⚠ [8799/9299] Replayed PastaBench.leetcode.HarshadNumber.Generated
warning: PastaBench/leetcode/HarshadNumber/Generated.lean:53:8: declaration uses `sorry`
⚠ [8801/9299] Replayed PastaBench.leetcode.KeepMultiplyingFoundValuesByTwo.Generated
warning: PastaBench/leetcode/KeepMultiplyingFoundValuesByTwo/Generated.lean:56:8: declaration uses `sorry`
⚠ [8803/9299] Replayed PastaBench.leetcode.LengthOfLastWord.Generated
warning: PastaBench/leetcode/LengthOfLastWord/Generated.lean:82:8: declaration uses `sorry`
⚠ [8805/9299] Replayed PastaBench.leetcode.LongestEvenOddSubarrayWithThreshold.Generated
warning: PastaBench/leetcode/LongestEvenOddSubarrayWithThreshold/Generated.lean:91:8: declaration uses `sorry`
⚠ [8807/9299] Replayed PastaBench.leetcode.MaximumHeightOfATriangle.Generated
warning: PastaBench/leetcode/MaximumHeightOfATriangle/Generated.lean:127:8: declaration uses `sorry`
⚠ [8809/9299] Replayed PastaBench.leetcode.MaximumLengthSubstringWithTwoOccurrences.Generated
warning: PastaBench/leetcode/MaximumLengthSubstringWithTwoOccurrences/Generated.lean:133:8: declaration uses `sorry`
⚠ [8811/9299] Replayed PastaBench.leetcode.MaximumNumberOfBallsInABox.Generated
warning: PastaBench/leetcode/MaximumNumberOfBallsInABox/Generated.lean:55:8: declaration uses `sorry`
⚠ [8813/9299] Replayed PastaBench.leetcode.MinimumMovesToConvertString.Generated
warning: PastaBench/leetcode/MinimumMovesToConvertString/Generated.lean:59:8: declaration uses `sorry`
⚠ [8815/9299] Replayed PastaBench.leetcode.MinimumSumOfFourDigitNumberAfterSplittingDigits.Generated
warning: PastaBench/leetcode/MinimumSumOfFourDigitNumberAfterSplittingDigits/Generated.lean:45:8: declaration uses `sorry`
⚠ [8817/9299] Replayed PastaBench.leetcode.NextGreaterElementI.Generated
warning: PastaBench/leetcode/NextGreaterElementI/Generated.lean:135:8: declaration uses `sorry`
⚠ [8819/9299] Replayed PastaBench.leetcode.NumberOf1Bits.Generated
warning: PastaBench/leetcode/NumberOf1Bits/Generated.lean:45:8: declaration uses `sorry`
⚠ [8821/9299] Replayed PastaBench.leetcode.PalindromeNumber.Generated
warning: PastaBench/leetcode/PalindromeNumber/Generated.lean:98:8: declaration uses `sorry`
⚠ [8823/9299] Replayed PastaBench.leetcode.SearchInsertPosition.Generated
warning: PastaBench/leetcode/SearchInsertPosition/Generated.lean:103:8: declaration uses `sorry`
⚠ [8825/9299] Replayed PastaBench.leetcode.Sqrtx.Generated
warning: PastaBench/leetcode/Sqrtx/Generated.lean:84:8: declaration uses `sorry`
⚠ [8827/9299] Replayed PastaBench.leetcode.CourseScheduleIii.Generated
warning: PastaBench/leetcode/CourseScheduleIii/Generated.lean:99:8: declaration uses `sorry`
⚠ [8829/9299] Replayed PastaBench.leetcode.CycleLengthQueriesInATree.Generated
warning: PastaBench/leetcode/CycleLengthQueriesInATree/Generated.lean:80:8: declaration uses `sorry`
⚠ [8831/9299] Replayed PastaBench.leetcode.FindMinimumInRotatedSortedArrayIi.Generated
warning: PastaBench/leetcode/FindMinimumInRotatedSortedArrayIi/Generated.lean:88:8: declaration uses `sorry`
⚠ [8833/9299] Replayed PastaBench.leetcode.FindTheClosestPalindrome.Generated
warning: PastaBench/leetcode/FindTheClosestPalindrome/Generated.lean:105:8: declaration uses `sorry`
⚠ [8835/9299] Replayed PastaBench.leetcode.Ipo.Generated
warning: PastaBench/leetcode/Ipo/Generated.lean:111:8: declaration uses `sorry`
⚠ [8837/9299] Replayed PastaBench.leetcode.JumpGameIv.Generated
warning: PastaBench/leetcode/JumpGameIv/Generated.lean:115:8: declaration uses `sorry`
⚠ [8839/9299] Replayed PastaBench.leetcode.KthSmallestNumberInMultiplicationTable.Generated
warning: PastaBench/leetcode/KthSmallestNumberInMultiplicationTable/Generated.lean:111:8: declaration uses `sorry`
⚠ [8841/9299] Replayed PastaBench.leetcode.LargestRectangleInHistogram.Generated
warning: PastaBench/leetcode/LargestRectangleInHistogram/Generated.lean:125:8: declaration uses `sorry`
⚠ [8843/9299] Replayed PastaBench.leetcode.LastSubstringInLexicographicalOrder.Generated
warning: PastaBench/leetcode/LastSubstringInLexicographicalOrder/Generated.lean:156:8: declaration uses `sorry`
⚠ [8845/9299] Replayed PastaBench.leetcode.LongestChunkedPalindromeDecomposition.Generated
warning: PastaBench/leetcode/LongestChunkedPalindromeDecomposition/Generated.lean:117:8: declaration uses `sorry`
⚠ [8847/9299] Replayed PastaBench.leetcode.LongestCycleInAGraph.Generated
warning: PastaBench/leetcode/LongestCycleInAGraph/Generated.lean:134:8: declaration uses `sorry`
⚠ [8849/9299] Replayed PastaBench.leetcode.MakeStringAntiPalindrome.Generated
warning: PastaBench/leetcode/MakeStringAntiPalindrome/Generated.lean:120:8: declaration uses `sorry`
⚠ [8851/9299] Replayed PastaBench.leetcode.MaximumHeightByStackingCuboids.Generated
warning: PastaBench/leetcode/MaximumHeightByStackingCuboids/Generated.lean:177:8: declaration uses `sorry`
⚠ [8853/9299] Replayed PastaBench.leetcode.MaximumRunningTimeOfNComputers.Generated
warning: PastaBench/leetcode/MaximumRunningTimeOfNComputers/Generated.lean:82:8: declaration uses `sorry`
⚠ [8855/9299] Replayed PastaBench.leetcode.MinimumNumberOfIncreasingSubsequenceToBeRemoved.Generated
warning: PastaBench/leetcode/MinimumNumberOfIncreasingSubsequenceToBeRemoved/Generated.lean:89:8: declaration uses `sorry`
⚠ [8857/9299] Replayed PastaBench.leetcode.MinimumOneBitOperationsToMakeIntegersZero.Generated
warning: PastaBench/leetcode/MinimumOneBitOperationsToMakeIntegersZero/Generated.lean:48:8: declaration uses `sorry`
⚠ [8859/9299] Replayed PastaBench.leetcode.NumberOfValidSubarrays.Generated
warning: PastaBench/leetcode/NumberOfValidSubarrays/Generated.lean:94:8: declaration uses `sorry`
⚠ [8861/9299] Replayed PastaBench.leetcode.NumberOfValidWordsForEachPuzzle.Generated
warning: PastaBench/leetcode/NumberOfValidWordsForEachPuzzle/Generated.lean:148:8: declaration uses `sorry`
⚠ [8863/9299] Replayed PastaBench.leetcode.ReplaceNonCoprimeNumbersInArray.Generated
warning: PastaBench/leetcode/ReplaceNonCoprimeNumbersInArray/Generated.lean:103:8: declaration uses `sorry`
⚠ [8865/9299] Replayed PastaBench.leetcode.ShortestSubarrayWithSumAtLeastK.Generated
warning: PastaBench/leetcode/ShortestSubarrayWithSumAtLeastK/Generated.lean:130:8: declaration uses `sorry`
⚠ [8867/9299] Replayed PastaBench.leetcode.SlidingWindowMaximum.Generated
warning: PastaBench/leetcode/SlidingWindowMaximum/Generated.lean:122:8: declaration uses `sorry`
⚠ [8869/9299] Replayed PastaBench.leetcode.AllPathsFromSourceToTarget.Generated
warning: PastaBench/leetcode/AllPathsFromSourceToTarget/Generated.lean:129:8: declaration uses `sorry`
⚠ [8871/9299] Replayed PastaBench.leetcode.AsteroidCollision.Generated
warning: PastaBench/leetcode/AsteroidCollision/Generated.lean:104:8: declaration uses `sorry`
⚠ [8873/9299] Replayed PastaBench.leetcode.BitwiseAndOfNumbersRange.Generated
warning: PastaBench/leetcode/BitwiseAndOfNumbersRange/Generated.lean:52:8: declaration uses `sorry`
⚠ [8875/9299] Replayed PastaBench.leetcode.BoatsToSavePeople.Generated
warning: PastaBench/leetcode/BoatsToSavePeople/Generated.lean:105:8: declaration uses `sorry`
⚠ [8877/9299] Replayed PastaBench.leetcode.BrokenCalculator.Generated
warning: PastaBench/leetcode/BrokenCalculator/Generated.lean:67:8: declaration uses `sorry`
⚠ [8879/9299] Replayed PastaBench.leetcode.BuildAnArrayWithStackOperations.Generated
warning: PastaBench/leetcode/BuildAnArrayWithStackOperations/Generated.lean:50:8: declaration uses `sorry`
⚠ [8881/9299] Replayed PastaBench.leetcode.ContainerWithMostWater.Generated
warning: PastaBench/leetcode/ContainerWithMostWater/Generated.lean:82:8: declaration uses `sorry`
⚠ [8883/9299] Replayed PastaBench.leetcode.ContinuousSubarrays.Generated
warning: PastaBench/leetcode/ContinuousSubarrays/Generated.lean:101:8: declaration uses `sorry`
⚠ [8885/9299] Replayed PastaBench.leetcode.CountGoodMeals.Generated
warning: PastaBench/leetcode/CountGoodMeals/Generated.lean:68:8: declaration uses `sorry`
⚠ [8887/9299] Replayed PastaBench.leetcode.CountSubstringsWithoutRepeatingCharacter.Generated
warning: PastaBench/leetcode/CountSubstringsWithoutRepeatingCharacter/Generated.lean:85:8: declaration uses `sorry`
⚠ [8889/9299] Replayed PastaBench.leetcode.CuttingRibbons.Generated
warning: PastaBench/leetcode/CuttingRibbons/Generated.lean:97:8: declaration uses `sorry`
⚠ [8891/9299] Replayed PastaBench.leetcode.DecodeTheSlantedCiphertext.Generated
warning: PastaBench/leetcode/DecodeTheSlantedCiphertext/Generated.lean:92:8: declaration uses `sorry`
⚠ [8893/9299] Replayed PastaBench.leetcode.DetermineTheMinimumSumOfAKAvoidingArray.Generated
warning: PastaBench/leetcode/DetermineTheMinimumSumOfAKAvoidingArray/Generated.lean:113:8: declaration uses `sorry`
⚠ [8895/9299] Replayed PastaBench.leetcode.FindAPeakElementIi.Generated
warning: PastaBench/leetcode/FindAPeakElementIi/Generated.lean:81:8: declaration uses `sorry`
⚠ [8897/9299] Replayed PastaBench.leetcode.FindPeakElement.Generated
warning: PastaBench/leetcode/FindPeakElement/Generated.lean:86:8: declaration uses `sorry`
⚠ [8899/9299] Replayed PastaBench.leetcode.FindTheKThLuckyNumber.Generated
warning: PastaBench/leetcode/FindTheKThLuckyNumber/Generated.lean:127:8: declaration uses `sorry`
⚠ [8901/9299] Replayed PastaBench.leetcode.FindTheLongestSemiRepetitiveSubstring.Generated
warning: PastaBench/leetcode/FindTheLongestSemiRepetitiveSubstring/Generated.lean:79:8: declaration uses `sorry`
⚠ [8903/9299] Replayed PastaBench.leetcode.FindTheMaximumLengthOfValidSubsequenceIi.Generated
warning: PastaBench/leetcode/FindTheMaximumLengthOfValidSubsequenceIi/Generated.lean:98:8: declaration uses `sorry`
⚠ [8905/9299] Replayed PastaBench.leetcode.FindTheMostCompetitiveSubsequence.Generated
warning: PastaBench/leetcode/FindTheMostCompetitiveSubsequence/Generated.lean:67:8: declaration uses `sorry`
⚠ [8907/9299] Replayed PastaBench.leetcode.IncrementalMemoryLeak.Generated
warning: PastaBench/leetcode/IncrementalMemoryLeak/Generated.lean:80:8: declaration uses `sorry`
⚠ [8909/9299] Replayed PastaBench.leetcode.LargestMergeOfTwoStrings.Generated
warning: PastaBench/leetcode/LargestMergeOfTwoStrings/Generated.lean:81:8: declaration uses `sorry`
⚠ [8911/9299] Replayed PastaBench.leetcode.LengthOfLongestSubarrayWithAtMostKFrequency.Generated
warning: PastaBench/leetcode/LengthOfLongestSubarrayWithAtMostKFrequency/Generated.lean:78:8: declaration uses `sorry`
⚠ [8913/9299] Replayed PastaBench.leetcode.LongestConsecutiveSequence.Generated
warning: PastaBench/leetcode/LongestConsecutiveSequence/Generated.lean:69:8: declaration uses `sorry`
⚠ [8915/9299] Replayed PastaBench.leetcode.LongestContinuousSubarrayWithAbsoluteDiffLessThanOrEqualToLimit.Generated
warning: PastaBench/leetcode/LongestContinuousSubarrayWithAbsoluteDiffLessThanOrEqualToLimit/Generated.lean:121:8: declaration uses `sorry`
⚠ [8917/9299] Replayed PastaBench.leetcode.LongestSubstringWithAtMostTwoDistinctCharacters.Generated
warning: PastaBench/leetcode/LongestSubstringWithAtMostTwoDistinctCharacters/Generated.lean:102:8: declaration uses `sorry`
⚠ [8919/9299] Replayed PastaBench.leetcode.MagicalString.Generated
warning: PastaBench/leetcode/MagicalString/Generated.lean:69:8: declaration uses `sorry`
⚠ [8921/9299] Replayed PastaBench.leetcode.MaxSumOfAPairWithEqualSumOfDigits.Generated
warning: PastaBench/leetcode/MaxSumOfAPairWithEqualSumOfDigits/Generated.lean:88:8: declaration uses `sorry`
⚠ [8923/9299] Replayed PastaBench.leetcode.MaximumCandiesAllocatedToKChildren.Generated
warning: PastaBench/leetcode/MaximumCandiesAllocatedToKChildren/Generated.lean:102:8: declaration uses `sorry`
⚠ [8925/9299] Replayed PastaBench.leetcode.MaximumScoreFromRemovingStones.Generated
warning: PastaBench/leetcode/MaximumScoreFromRemovingStones/Generated.lean:68:8: declaration uses `sorry`
⚠ [8927/9299] Replayed PastaBench.leetcode.MaximumValueAfterInsertion.Generated
warning: PastaBench/leetcode/MaximumValueAfterInsertion/Generated.lean:77:8: declaration uses `sorry`
⚠ [8929/9299] Replayed PastaBench.leetcode.MaximumValueAtAGivenIndexInABoundedArray.Generated
warning: PastaBench/leetcode/MaximumValueAtAGivenIndexInABoundedArray/Generated.lean:93:8: declaration uses `sorry`
warning: PastaBench/leetcode/MaximumValueAtAGivenIndexInABoundedArray/Generated.lean:132:8: declaration uses `sorry`
⚠ [8931/9299] Replayed PastaBench.leetcode.MinimumDeletionsToMakeArrayBeautiful.Generated
warning: PastaBench/leetcode/MinimumDeletionsToMakeArrayBeautiful/Generated.lean:73:8: declaration uses `sorry`
⚠ [8933/9299] Replayed PastaBench.leetcode.MinimumGardenPerimeterToCollectEnoughApples.Generated
warning: PastaBench/leetcode/MinimumGardenPerimeterToCollectEnoughApples/Generated.lean:59:8: declaration uses `sorry`
⚠ [8935/9299] Replayed PastaBench.leetcode.MinimumLengthOfStringAfterDeletingSimilarEnds.Generated
warning: PastaBench/leetcode/MinimumLengthOfStringAfterDeletingSimilarEnds/Generated.lean:99:8: declaration uses `sorry`
⚠ [8937/9299] Replayed PastaBench.leetcode.MinimumOperationsToMakeBinaryArrayElementsEqualToOneIi.Generated
warning: PastaBench/leetcode/MinimumOperationsToMakeBinaryArrayElementsEqualToOneIi/Generated.lean:81:8: declaration uses `sorry`
⚠ [8939/9299] Replayed PastaBench.leetcode.MinimumOperationsToMakeTheIntegerZero.Generated
warning: PastaBench/leetcode/MinimumOperationsToMakeTheIntegerZero/Generated.lean:77:8: declaration uses `sorry`
⚠ [8941/9299] Replayed PastaBench.leetcode.MonotoneIncreasingDigits.Generated
warning: PastaBench/leetcode/MonotoneIncreasingDigits/Generated.lean:143:8: declaration uses `sorry`
⚠ [8943/9299] Replayed PastaBench.leetcode.NthDigit.Generated
warning: PastaBench/leetcode/NthDigit/Generated.lean:96:8: declaration uses `sorry`
⚠ [8945/9299] Replayed PastaBench.leetcode.NumberOfSmoothDescentPeriodsOfAStock.Generated
warning: PastaBench/leetcode/NumberOfSmoothDescentPeriodsOfAStock/Generated.lean:94:8: declaration uses `sorry`
⚠ [8947/9299] Replayed PastaBench.leetcode.PalindromicSubstrings.Generated
warning: PastaBench/leetcode/PalindromicSubstrings/Generated.lean:116:8: declaration uses `sorry`
⚠ [8949/9299] Replayed PastaBench.leetcode.PathInZigzagLabelledBinaryTree.Generated
warning: PastaBench/leetcode/PathInZigzagLabelledBinaryTree/Generated.lean:120:8: declaration uses `sorry`
⚠ [8951/9299] Replayed PastaBench.leetcode.PeakIndexInAMountainArray.Generated
warning: PastaBench/leetcode/PeakIndexInAMountainArray/Generated.lean:104:8: declaration uses `sorry`
⚠ [8955/9299] Replayed PastaBench.leetcode.RemoveAdjacentAlmostEqualCharacters.Generated
warning: PastaBench/leetcode/RemoveAdjacentAlmostEqualCharacters/Generated.lean:82:8: declaration uses `sorry`
⚠ [8957/9299] Replayed PastaBench.leetcode.ShortestUnsortedContinuousSubarray.Generated
warning: PastaBench/leetcode/ShortestUnsortedContinuousSubarray/Generated.lean:78:8: declaration uses `sorry`
⚠ [8959/9299] Replayed PastaBench.leetcode.SingleElementInASortedArray.Generated
warning: PastaBench/leetcode/SingleElementInASortedArray/Generated.lean:85:8: declaration uses `sorry`
⚠ [8961/9299] Replayed PastaBench.leetcode.SmallestStringWithAGivenNumericValue.Generated
warning: PastaBench/leetcode/SmallestStringWithAGivenNumericValue/Generated.lean:86:8: declaration uses `sorry`
⚠ [8963/9299] Replayed PastaBench.leetcode.StepsToMakeArrayNonDecreasing.Generated
warning: PastaBench/leetcode/StepsToMakeArrayNonDecreasing/Generated.lean:86:8: declaration uses `sorry`
⚠ [8965/9299] Replayed PastaBench.leetcode.TakingMaximumEnergyFromTheMysticDungeon.Generated
warning: PastaBench/leetcode/TakingMaximumEnergyFromTheMysticDungeon/Generated.lean:83:8: declaration uses `sorry`
⚠ [8969/9299] Replayed PastaBench.leetcode.AddDigits.Generated
warning: PastaBench/leetcode/AddDigits/Generated.lean:54:8: declaration uses `sorry`
⚠ [8973/9299] Replayed PastaBench.leetcode.AntOnTheBoundary.Generated
warning: PastaBench/leetcode/AntOnTheBoundary/Generated.lean:75:8: declaration uses `sorry`
⚠ [8975/9299] Replayed PastaBench.leetcode.BuildArrayFromPermutation.Generated
warning: PastaBench/leetcode/BuildArrayFromPermutation/Generated.lean:51:8: declaration uses `sorry`
⚠ [8991/9299] Replayed PastaBench.leetcode.CountDistinctNumbersOnBoard.Generated
warning: PastaBench/leetcode/CountDistinctNumbersOnBoard/Generated.lean:34:8: declaration uses `sorry`
⚠ [8993/9299] Replayed PastaBench.leetcode.CountOddNumbersInAnIntervalRange.Generated
warning: PastaBench/leetcode/CountOddNumbersInAnIntervalRange/Generated.lean:53:8: declaration uses `sorry`
⚠ [8997/9299] Replayed PastaBench.leetcode.CountPrefixesOfAGivenString.Generated
warning: PastaBench/leetcode/CountPrefixesOfAGivenString/Generated.lean:51:8: declaration uses `sorry`
⚠ [8999/9299] Replayed PastaBench.leetcode.CountingBits.Generated
warning: PastaBench/leetcode/CountingBits/Generated.lean:51:8: declaration uses `sorry`
⚠ [9001/9299] Replayed PastaBench.leetcode.CountingWordsWithAGivenPrefix.Generated
warning: PastaBench/leetcode/CountingWordsWithAGivenPrefix/Generated.lean:51:8: declaration uses `sorry`
⚠ [9003/9299] Replayed PastaBench.leetcode.DefangingAnIpAddress.Generated
warning: PastaBench/leetcode/DefangingAnIpAddress/Generated.lean:34:8: declaration uses `sorry`
⚠ [9013/9299] Replayed PastaBench.leetcode.FindNumbersWithEvenNumberOfDigits.Generated
warning: PastaBench/leetcode/FindNumbersWithEvenNumberOfDigits/Generated.lean:51:8: declaration uses `sorry`
⚠ [9023/9299] Replayed PastaBench.leetcode.GenerateAStringWithCharactersThatHaveOddCounts.Generated
warning: PastaBench/leetcode/GenerateAStringWithCharactersThatHaveOddCounts/Generated.lean:62:8: declaration uses `sorry`
⚠ [9025/9299] Replayed PastaBench.leetcode.GoalParserInterpretation.Generated
warning: PastaBench/leetcode/GoalParserInterpretation/Generated.lean:58:8: declaration uses `sorry`
⚠ [9035/9299] Replayed PastaBench.leetcode.RepeatedSubstringPattern.Generated
warning: PastaBench/leetcode/RepeatedSubstringPattern/Generated.lean:57:8: declaration uses `sorry`
⚠ [9037/9299] Replayed PastaBench.leetcode.RunningSumOf1dArray.Generated
warning: PastaBench/leetcode/RunningSumOf1dArray/Generated.lean:50:8: declaration uses `sorry`
⚠ [9039/9299] Replayed PastaBench.leetcode.SingleNumber.Generated
warning: PastaBench/leetcode/SingleNumber/Generated.lean:57:8: declaration uses `sorry`
⚠ [9042/9299] Replayed PastaBench.leetcode.SortIntegersByTheNumberOf1Bits.Generated
warning: PastaBench/leetcode/SortIntegersByTheNumberOf1Bits/Generated.lean:56:8: declaration uses `sorry`
⚠ [9044/9299] Replayed PastaBench.leetcode.TransposeMatrix.Generated
warning: PastaBench/leetcode/TransposeMatrix/Generated.lean:62:8: declaration uses `sorry`
⚠ [9050/9299] Replayed PastaBench.leetcode.FindXorSumOfAllPairsBitwiseAnd.Generated
warning: PastaBench/leetcode/FindXorSumOfAllPairsBitwiseAnd/Generated.lean:60:8: declaration uses `sorry`
⚠ [9054/9299] Replayed PastaBench.leetcode.MinimumNumberOfIncrementsOnSubarraysToFormATargetArray.Generated
warning: PastaBench/leetcode/MinimumNumberOfIncrementsOnSubarraysToFormATargetArray/Generated.lean:60:8: declaration uses `sorry`
⚠ [9056/9299] Replayed PastaBench.leetcode.NthMagicalNumber.Generated
warning: PastaBench/leetcode/NthMagicalNumber/Generated.lean:67:8: declaration uses `sorry`
⚠ [9058/9299] Replayed PastaBench.leetcode.NumberOfFlowersInFullBloom.Generated
warning: PastaBench/leetcode/NumberOfFlowersInFullBloom/Generated.lean:70:8: declaration uses `sorry`
⚠ [9062/9299] Replayed PastaBench.leetcode.TriplesWithBitwiseAndEqualToZero.Generated
warning: PastaBench/leetcode/TriplesWithBitwiseAndEqualToZero/Generated.lean:59:8: declaration uses `sorry`
⚠ [9064/9299] Replayed PastaBench.leetcode.N4sumIi.Generated
warning: PastaBench/leetcode/N4sumIi/Generated.lean:66:8: declaration uses `sorry`
⚠ [9066/9299] Replayed PastaBench.leetcode.AliceAndBobPlayingFlowerGame.Generated
warning: PastaBench/leetcode/AliceAndBobPlayingFlowerGame/Generated.lean:51:8: declaration uses `sorry`
⚠ [9068/9299] Replayed PastaBench.leetcode.AngleBetweenHandsOfAClock.Generated
warning: PastaBench/leetcode/AngleBetweenHandsOfAClock/Generated.lean:59:8: declaration uses `sorry`
⚠ [9076/9299] Replayed PastaBench.leetcode.CircularPermutationInBinaryRepresentation.Generated
warning: PastaBench/leetcode/CircularPermutationInBinaryRepresentation/Generated.lean:69:8: declaration uses `sorry`
⚠ [9082/9299] Replayed PastaBench.leetcode.CountCollisionsOnARoad.Generated
warning: PastaBench/leetcode/CountCollisionsOnARoad/Generated.lean:72:8: declaration uses `sorry`
⚠ [9084/9299] Replayed PastaBench.leetcode.CountSubstringsStartingAndEndingWithGivenCharacter.Generated
warning: PastaBench/leetcode/CountSubstringsStartingAndEndingWithGivenCharacter/Generated.lean:40:8: declaration uses `sorry`
⚠ [9086/9299] Replayed PastaBench.leetcode.CustomSortString.Generated
warning: PastaBench/leetcode/CustomSortString/Generated.lean:78:8: declaration uses `sorry`
⚠ [9094/9299] Replayed PastaBench.leetcode.FindTheDuplicateNumber.Generated
warning: PastaBench/leetcode/FindTheDuplicateNumber/Generated.lean:84:8: declaration uses `sorry`
⚠ [9096/9299] Replayed PastaBench.leetcode.FindThreeConsecutiveIntegersThatSumToAGivenNumber.Generated
warning: PastaBench/leetcode/FindThreeConsecutiveIntegersThatSumToAGivenNumber/Generated.lean:82:8: declaration uses `sorry`
⚠ [9098/9299] Replayed PastaBench.leetcode.GroupsOfSpecialEquivalentStrings.Generated
warning: PastaBench/leetcode/GroupsOfSpecialEquivalentStrings/Generated.lean:63:8: declaration uses `sorry`
⚠ [9100/9299] Replayed PastaBench.leetcode.MaximumBinaryStringAfterChange.Generated
warning: PastaBench/leetcode/MaximumBinaryStringAfterChange/Generated.lean:91:8: declaration uses `sorry`
⚠ [9102/9299] Replayed PastaBench.leetcode.MaximumNumberOfGroupsEnteringACompetition.Generated
warning: PastaBench/leetcode/MaximumNumberOfGroupsEnteringACompetition/Generated.lean:71:8: declaration uses `sorry`
⚠ [9108/9299] Replayed PastaBench.leetcode.MaximumSizeOfASetAfterRemovals.Generated
warning: PastaBench/leetcode/MaximumSizeOfASetAfterRemovals/Generated.lean:64:8: declaration uses `sorry`
⚠ [9110/9299] Replayed PastaBench.leetcode.MaximumXorAfterOperations.Generated
warning: PastaBench/leetcode/MaximumXorAfterOperations/Generated.lean:54:8: declaration uses `sorry`
⚠ [9112/9299] Replayed PastaBench.leetcode.MinimizedMaximumOfProductsDistributedToAnyStore.Generated
warning: PastaBench/leetcode/MinimizedMaximumOfProductsDistributedToAnyStore/Generated.lean:76:8: declaration uses `sorry`
⚠ [9114/9299] Replayed PastaBench.leetcode.MinimumElementsToAddToFormAGivenSum.Generated
warning: PastaBench/leetcode/MinimumElementsToAddToFormAGivenSum/Generated.lean:54:8: declaration uses `sorry`
⚠ [9116/9299] Replayed PastaBench.leetcode.MinimumImpossibleOr.Generated
warning: PastaBench/leetcode/MinimumImpossibleOr/Generated.lean:73:8: declaration uses `sorry`
⚠ [9118/9299] Replayed PastaBench.leetcode.MinimumLimitOfBallsInABag.Generated
warning: PastaBench/leetcode/MinimumLimitOfBallsInABag/Generated.lean:90:8: declaration uses `sorry`
⚠ [9120/9299] Replayed PastaBench.leetcode.MinimumNumberOfChangesToMakeBinaryStringBeautiful.Generated
warning: PastaBench/leetcode/MinimumNumberOfChangesToMakeBinaryStringBeautiful/Generated.lean:51:8: declaration uses `sorry`
⚠ [9122/9299] Replayed PastaBench.leetcode.MinimumNumberOfOperationsToMakeArrayXorEqualToK.Generated
warning: PastaBench/leetcode/MinimumNumberOfOperationsToMakeArrayXorEqualToK/Generated.lean:54:8: declaration uses `sorry`
⚠ [9128/9299] Replayed PastaBench.leetcode.MinimumOperationsToMakeArrayEqual.Generated
warning: PastaBench/leetcode/MinimumOperationsToMakeArrayEqual/Generated.lean:38:8: declaration uses `sorry`
⚠ [9130/9299] Replayed PastaBench.leetcode.MinimumTimeToCompleteTrips.Generated
warning: PastaBench/leetcode/MinimumTimeToCompleteTrips/Generated.lean:72:8: declaration uses `sorry`
⚠ [9132/9299] Replayed PastaBench.leetcode.MirrorReflection.Generated
warning: PastaBench/leetcode/MirrorReflection/Generated.lean:84:8: declaration uses `sorry`
⚠ [9136/9299] Replayed PastaBench.leetcode.NumberOfDistinctSubstringsInAString.Generated
warning: PastaBench/leetcode/NumberOfDistinctSubstringsInAString/Generated.lean:62:8: declaration uses `sorry`
⚠ [9140/9299] Replayed PastaBench.leetcode.RectangleArea.Generated
warning: PastaBench/leetcode/RectangleArea/Generated.lean:68:8: declaration uses `sorry`
⚠ [9142/9299] Replayed PastaBench.leetcode.ReverseWordsInAString.Generated
warning: PastaBench/leetcode/ReverseWordsInAString/Generated.lean:48:8: declaration uses `sorry`
⚠ [9144/9299] Replayed PastaBench.leetcode.SortCharactersByFrequency.Generated
warning: PastaBench/leetcode/SortCharactersByFrequency/Generated.lean:71:8: declaration uses `sorry`
⚠ [9148/9299] Replayed PastaBench.leetcode.TaskScheduler.Generated
warning: PastaBench/leetcode/TaskScheduler/Generated.lean:71:8: declaration uses `sorry`
⚠ [9152/9299] Replayed PastaBench.leetcode.VowelsGameInAString.Generated
warning: PastaBench/leetcode/VowelsGameInAString/Generated.lean:37:8: declaration uses `sorry`
⚠ [9156/9299] Replayed PastaBench.leetcode.MinimumNumberOfSwapsToMakeTheBinaryStringAlternating.Generated
warning: PastaBench/leetcode/MinimumNumberOfSwapsToMakeTheBinaryStringAlternating/Generated.lean:95:8: declaration uses `sorry`
warning: PastaBench/leetcode/MinimumNumberOfSwapsToMakeTheBinaryStringAlternating/Generated.lean:128:8: declaration uses `sorry`
⚠ [9158/9299] Replayed PastaBench.leetcode.LexicographicallySmallestPalindrome.Generated
warning: PastaBench/leetcode/LexicographicallySmallestPalindrome/Generated.lean:94:8: declaration uses `sorry`
⚠ [9160/9299] Replayed PastaBench.leetcode.ShortestSubarrayToBeRemovedToMakeArraySorted.Generated
warning: PastaBench/leetcode/ShortestSubarrayToBeRemovedToMakeArraySorted/Generated.lean:150:8: declaration uses `sorry`
⚠ [9162/9299] Replayed PastaBench.leetcode.MaskingPersonalInformation.Generated
warning: PastaBench/leetcode/MaskingPersonalInformation/Generated.lean:110:8: declaration uses `sorry`
⚠ [9164/9299] Replayed PastaBench.leetcode.CellsInARangeOnAnExcelSheet.Generated
warning: PastaBench/leetcode/CellsInARangeOnAnExcelSheet/Generated.lean:62:8: declaration uses `sorry`
⚠ [9168/9299] Replayed PastaBench.leetcode.Dota2Senate.Generated
warning: PastaBench/leetcode/Dota2Senate/Generated.lean:113:8: declaration uses `sorry`
⚠ [9172/9299] Replayed PastaBench.leetcode.MinimumStringLengthAfterRemovingSubstrings.Generated
warning: PastaBench/leetcode/MinimumStringLengthAfterRemovingSubstrings/Generated.lean:73:8: declaration uses `sorry`
⚠ [9174/9299] Replayed PastaBench.leetcode.SortVowelsInAString.Generated
warning: PastaBench/leetcode/SortVowelsInAString/Generated.lean:127:8: declaration uses `sorry`
⚠ [9176/9299] Replayed PastaBench.leetcode.FindAllLonelyNumbersInTheArray.Generated
warning: PastaBench/leetcode/FindAllLonelyNumbersInTheArray/Generated.lean:61:8: declaration uses `sorry`
⚠ [9178/9299] Replayed PastaBench.leetcode.MissingNumberInArithmeticProgression.Generated
warning: PastaBench/leetcode/MissingNumberInArithmeticProgression/Generated.lean:64:8: declaration uses `sorry`
⚠ [9180/9299] Replayed PastaBench.leetcode.SortingTheSentence.Generated
warning: PastaBench/leetcode/SortingTheSentence/Generated.lean:107:8: declaration uses `sorry`
⚠ [9182/9299] Replayed PastaBench.leetcode.ThreeDivisors.Generated
warning: PastaBench/leetcode/ThreeDivisors/Generated.lean:63:8: declaration uses `sorry`
⚠ [9184/9299] Replayed PastaBench.leetcode.RansomNote.Generated
warning: PastaBench/leetcode/RansomNote/Generated.lean:54:8: declaration uses `sorry`
⚠ [9186/9299] Replayed PastaBench.leetcode.LongestIncreasingSubsequence.Generated
warning: PastaBench/leetcode/LongestIncreasingSubsequence/Generated.lean:90:8: declaration uses `sorry`
⚠ [9188/9299] Replayed PastaBench.leetcode.SmallestMissingNonNegativeIntegerAfterOperations.Generated
warning: PastaBench/leetcode/SmallestMissingNonNegativeIntegerAfterOperations/Generated.lean:72:8: declaration uses `sorry`
⚠ [9190/9299] Replayed PastaBench.stdlib.CPython.Generated
warning: PastaBench/stdlib/CPython/Generated.lean:132:8: declaration uses `sorry`
warning: PastaBench/stdlib/CPython/Generated.lean:205:8: declaration uses `sorry`
warning: PastaBench/stdlib/CPython/Generated.lean:277:8: declaration uses `sorry`
warning: PastaBench/stdlib/CPython/Generated.lean:328:8: declaration uses `sorry`
⚠ [9191/9299] Replayed PastaBench.stdlib.CPython.Proofs
warning: PastaBench/stdlib/CPython/Proofs.lean:165:69: This simp argument is unused:
  BLB

Hint: Omit it from the simp argument list.
  simp only [B̵L̵B̵,̵ ̵hb, if_true, if_false]

Note: This linter can be disabled with `set_option linter.unusedSimpArgs false`
warning: PastaBench/stdlib/CPython/Proofs.lean:175:69: This simp argument is unused:
  BRB

Hint: Omit it from the simp argument list.
  simp only [B̵R̵B̵,̵ ̵hb, if_true, if_false]

Note: This linter can be disabled with `set_option linter.unusedSimpArgs false`
⚠ [9192/9299] Replayed PastaBench.leetcode.RemoveDuplicatesFromSortedList.Generated
warning: PastaBench/leetcode/RemoveDuplicatesFromSortedList/Generated.lean:131:8: declaration uses `sorry`
⚠ [9194/9299] Replayed PastaBench.leetcode.ReverseLinkedList.Generated
warning: PastaBench/leetcode/ReverseLinkedList/Generated.lean:108:8: declaration uses `sorry`
⚠ [9196/9299] Replayed PastaBench.leetcode.ClosestBinarySearchTreeValueIi.Generated
warning: PastaBench/leetcode/ClosestBinarySearchTreeValueIi/Generated.lean:150:8: declaration uses `sorry`
⚠ [9198/9299] Replayed PastaBench.leetcode.CountOfRangeSum.Generated
warning: PastaBench/leetcode/CountOfRangeSum/Generated.lean:223:8: declaration uses `sorry`
⚠ [9200/9299] Replayed PastaBench.leetcode.CountTheNumberOfKBigIndices.Generated
warning: PastaBench/leetcode/CountTheNumberOfKBigIndices/Generated.lean:172:8: declaration uses `sorry`
⚠ [9202/9299] Replayed PastaBench.leetcode.BinaryTreeLevelOrderTraversal.Generated
warning: PastaBench/leetcode/BinaryTreeLevelOrderTraversal/Generated.lean:127:8: declaration uses `sorry`
⚠ [9204/9299] Replayed PastaBench.leetcode.BinaryTreeLevelOrderTraversalIi.Generated
warning: PastaBench/leetcode/BinaryTreeLevelOrderTraversalIi/Generated.lean:142:8: declaration uses `sorry`
⚠ [9206/9299] Replayed PastaBench.leetcode.BinaryTreeRightSideView.Generated
warning: PastaBench/leetcode/BinaryTreeRightSideView/Generated.lean:137:8: declaration uses `sorry`
⚠ [9208/9299] Replayed PastaBench.leetcode.CountGoodNodesInBinaryTree.Generated
warning: PastaBench/leetcode/CountGoodNodesInBinaryTree/Generated.lean:119:8: declaration uses `sorry`
⚠ [9210/9299] Replayed PastaBench.leetcode.FindNearestRightNodeInBinaryTree.Generated
warning: PastaBench/leetcode/FindNearestRightNodeInBinaryTree/Generated.lean:137:8: declaration uses `sorry`
⚠ [9212/9299] Replayed PastaBench.leetcode.OddEvenLinkedList.Generated
warning: PastaBench/leetcode/OddEvenLinkedList/Generated.lean:126:8: declaration uses `sorry`
⚠ [9214/9299] Replayed PastaBench.leetcode.SwappingNodesInALinkedList.Generated
warning: PastaBench/leetcode/SwappingNodesInALinkedList/Generated.lean:116:8: declaration uses `sorry`
⚠ [9216/9299] Replayed PastaBench.leetcode.BinaryPrefixDivisibleBy5.Generated
warning: PastaBench/leetcode/BinaryPrefixDivisibleBy5/Generated.lean:66:8: declaration uses `sorry`
⚠ [9218/9299] Replayed PastaBench.leetcode.CheckWhetherTwoStringsAreAlmostEquivalent.Generated
warning: PastaBench/leetcode/CheckWhetherTwoStringsAreAlmostEquivalent/Generated.lean:65:8: declaration uses `sorry`
⚠ [9220/9299] Replayed PastaBench.leetcode.ClearDigits.Generated
warning: PastaBench/leetcode/ClearDigits/Generated.lean:84:8: declaration uses `sorry`
⚠ [9222/9299] Replayed PastaBench.leetcode.ConvertIntegerToTheSumOfTwoNoZeroIntegers.Generated
warning: PastaBench/leetcode/ConvertIntegerToTheSumOfTwoNoZeroIntegers/Generated.lean:77:8: declaration uses `sorry`
⚠ [9224/9299] Replayed PastaBench.leetcode.CountEqualAndDivisiblePairsInAnArray.Generated
warning: PastaBench/leetcode/CountEqualAndDivisiblePairsInAnArray/Generated.lean:67:8: declaration uses `sorry`
⚠ [9226/9299] Replayed PastaBench.leetcode.CountTestedDevicesAfterTestOperations.Generated
warning: PastaBench/leetcode/CountTestedDevicesAfterTestOperations/Generated.lean:58:8: declaration uses `sorry`
⚠ [9228/9299] Replayed PastaBench.leetcode.DecodeXoredArray.Generated
warning: PastaBench/leetcode/DecodeXoredArray/Generated.lean:73:8: declaration uses `sorry`
⚠ [9230/9299] Replayed PastaBench.leetcode.FaultyKeyboard.Generated
warning: PastaBench/leetcode/FaultyKeyboard/Generated.lean:66:8: declaration uses `sorry`
⚠ [9232/9299] Replayed PastaBench.leetcode.FindCommonCharacters.Generated
warning: PastaBench/leetcode/FindCommonCharacters/Generated.lean:87:8: declaration uses `sorry`
⚠ [9234/9299] Replayed PastaBench.leetcode.FindMaximumNumberOfStringPairs.Generated
warning: PastaBench/leetcode/FindMaximumNumberOfStringPairs/Generated.lean:55:8: declaration uses `sorry`
⚠ [9236/9299] Replayed PastaBench.leetcode.FindTheDifference.Generated
warning: PastaBench/leetcode/FindTheDifference/Generated.lean:71:8: declaration uses `sorry`
⚠ [9238/9299] Replayed PastaBench.leetcode.FindTheDistanceValueBetweenTwoArrays.Generated
warning: PastaBench/leetcode/FindTheDistanceValueBetweenTwoArrays/Generated.lean:57:8: declaration uses `sorry`
⚠ [9240/9299] Replayed PastaBench.leetcode.FindTheEncryptedString.Generated
warning: PastaBench/leetcode/FindTheEncryptedString/Generated.lean:71:8: declaration uses `sorry`
⚠ [9242/9299] Replayed PastaBench.leetcode.FindThePivotInteger.Generated
warning: PastaBench/leetcode/FindThePivotInteger/Generated.lean:66:8: declaration uses `sorry`
⚠ [9244/9299] Replayed PastaBench.leetcode.FirstLetterToAppearTwice.Generated
warning: PastaBench/leetcode/FirstLetterToAppearTwice/Generated.lean:68:8: declaration uses `sorry`
⚠ [9246/9299] Replayed PastaBench.leetcode.MaximumProductOfTwoElementsInAnArray.Generated
warning: PastaBench/leetcode/MaximumProductOfTwoElementsInAnArray/Generated.lean:96:8: declaration uses `sorry`
⚠ [9248/9299] Replayed PastaBench.leetcode.MergeSimilarItems.Generated
warning: PastaBench/leetcode/MergeSimilarItems/Generated.lean:74:8: declaration uses `sorry`
⚠ [9250/9299] Replayed PastaBench.leetcode.TeemoAttacking.Generated
warning: PastaBench/leetcode/TeemoAttacking/Generated.lean:68:8: declaration uses `sorry`
⚠ [9252/9299] Replayed PastaBench.leetcode.EarliestPossibleDayOfFullBloom.Generated
warning: PastaBench/leetcode/EarliestPossibleDayOfFullBloom/Generated.lean:81:8: declaration uses `sorry`
⚠ [9256/9299] Replayed PastaBench.leetcode.FindMaximumNonDecreasingArrayLength.Generated
warning: PastaBench/leetcode/FindMaximumNonDecreasingArrayLength/Generated.lean:77:8: declaration uses `sorry`
⚠ [9258/9299] Replayed PastaBench.leetcode.FindTheMaximumSumOfNodeValues.Generated
warning: PastaBench/leetcode/FindTheMaximumSumOfNodeValues/Generated.lean:109:8: declaration uses `sorry`
⚠ [9260/9299] Replayed PastaBench.leetcode.KInversePairsArray.Generated
warning: PastaBench/leetcode/KInversePairsArray/Generated.lean:54:8: declaration uses `sorry`
⚠ [9262/9299] Replayed PastaBench.leetcode.LengthOfTheLongestValidSubstring.Generated
warning: PastaBench/leetcode/LengthOfTheLongestValidSubstring/Generated.lean:94:8: declaration uses `sorry`
⚠ [9264/9299] Replayed PastaBench.leetcode.LongestHappyPrefix.Generated
warning: PastaBench/leetcode/LongestHappyPrefix/Generated.lean:49:8: declaration uses `sorry`
⚠ [9266/9299] Replayed PastaBench.leetcode.MaximumNumberOfOnes.Generated
warning: PastaBench/leetcode/MaximumNumberOfOnes/Generated.lean:79:8: declaration uses `sorry`
⚠ [9270/9299] Replayed PastaBench.leetcode.MinimumDeletionsToMakeArrayDivisible.Generated
warning: PastaBench/leetcode/MinimumDeletionsToMakeArrayDivisible/Generated.lean:100:8: declaration uses `sorry`
⚠ [9272/9299] Replayed PastaBench.leetcode.MinimumDifficultyOfAJobSchedule.Generated
warning: PastaBench/leetcode/MinimumDifficultyOfAJobSchedule/Generated.lean:102:8: declaration uses `sorry`
⚠ [9274/9299] Replayed PastaBench.leetcode.NumberOfDifferentSubsequencesGcds.Generated
warning: PastaBench/leetcode/NumberOfDifferentSubsequencesGcds/Generated.lean:120:8: declaration uses `sorry`
✖ [9280/9299] Building PastaBench.leetcode.SumOfDigitsInTheMinimumNumber.Generated (4.4s)
trace: .> LEAN_PATH=/home/anirudhgupta/PyAstLean/.lake/packages/Cli/.lake/build/lib/lean:/home/anirudhgupta/PyAstLean/.lake/packages/subverso/.lake/build/lib/lean:/home/anirudhgupta/PyAstLean/.lake/packages/MD4Lean/.lake/build/lib/lean:/home/anirudhgupta/PyAstLean/.lake/packages/illuminate/.lake/build/lib/lean:/home/anirudhgupta/PyAstLean/.lake/packages/batteries/.lake/build/lib/lean:/home/anirudhgupta/PyAstLean/.lake/packages/Qq/.lake/build/lib/lean:/home/anirudhgupta/PyAstLean/.lake/packages/aesop/.lake/build/lib/lean:/home/anirudhgupta/PyAstLean/.lake/packages/proofwidgets/.lake/build/lib/lean:/home/anirudhgupta/PyAstLean/.lake/packages/importGraph/.lake/build/lib/lean:/home/anirudhgupta/PyAstLean/.lake/packages/LeanSearchClient/.lake/build/lib/lean:/home/anirudhgupta/PyAstLean/.lake/packages/plausible/.lake/build/lib/lean:/home/anirudhgupta/PyAstLean/.lake/packages/verso/.lake/build/lib/lean:/home/anirudhgupta/.mathlib/v4.31.0/.lake/build/lib/lean:/home/anirudhgupta/PyAstLean/.lake/packages/verso-slides/.lake/build/lib/lean:/home/anirudhgupta/PyAstLean/.lake/build/lib/lean /home/anirudhgupta/.elan/toolchains/leanprover--lean4---v4.31.0/bin/lean /home/anirudhgupta/PyAstLean/PastaBench/leetcode/SumOfDigitsInTheMinimumNumber/Generated.lean -o /home/anirudhgupta/PyAstLean/.lake/build/lib/lean/PastaBench/leetcode/SumOfDigitsInTheMinimumNumber/Generated.olean -i /home/anirudhgupta/PyAstLean/.lake/build/lib/lean/PastaBench/leetcode/SumOfDigitsInTheMinimumNumber/Generated.ilean -c /home/anirudhgupta/PyAstLean/.lake/build/ir/PastaBench/leetcode/SumOfDigitsInTheMinimumNumber/Generated.c --setup /home/anirudhgupta/PyAstLean/.lake/build/ir/PastaBench/leetcode/SumOfDigitsInTheMinimumNumber/Generated.setup.json --json
error: PastaBench/leetcode/SumOfDigitsInTheMinimumNumber/Generated.lean:81:2: No goals to be solved
error: Lean exited with code 1
✖ [9282/9299] Building PastaBench.leetcode.ReverseBits.Generated (4.5s)
trace: .> LEAN_PATH=/home/anirudhgupta/PyAstLean/.lake/packages/Cli/.lake/build/lib/lean:/home/anirudhgupta/PyAstLean/.lake/packages/subverso/.lake/build/lib/lean:/home/anirudhgupta/PyAstLean/.lake/packages/MD4Lean/.lake/build/lib/lean:/home/anirudhgupta/PyAstLean/.lake/packages/illuminate/.lake/build/lib/lean:/home/anirudhgupta/PyAstLean/.lake/packages/batteries/.lake/build/lib/lean:/home/anirudhgupta/PyAstLean/.lake/packages/Qq/.lake/build/lib/lean:/home/anirudhgupta/PyAstLean/.lake/packages/aesop/.lake/build/lib/lean:/home/anirudhgupta/PyAstLean/.lake/packages/proofwidgets/.lake/build/lib/lean:/home/anirudhgupta/PyAstLean/.lake/packages/importGraph/.lake/build/lib/lean:/home/anirudhgupta/PyAstLean/.lake/packages/LeanSearchClient/.lake/build/lib/lean:/home/anirudhgupta/PyAstLean/.lake/packages/plausible/.lake/build/lib/lean:/home/anirudhgupta/PyAstLean/.lake/packages/verso/.lake/build/lib/lean:/home/anirudhgupta/.mathlib/v4.31.0/.lake/build/lib/lean:/home/anirudhgupta/PyAstLean/.lake/packages/verso-slides/.lake/build/lib/lean:/home/anirudhgupta/PyAstLean/.lake/build/lib/lean /home/anirudhgupta/.elan/toolchains/leanprover--lean4---v4.31.0/bin/lean /home/anirudhgupta/PyAstLean/PastaBench/leetcode/ReverseBits/Generated.lean -o /home/anirudhgupta/PyAstLean/.lake/build/lib/lean/PastaBench/leetcode/ReverseBits/Generated.olean -i /home/anirudhgupta/PyAstLean/.lake/build/lib/lean/PastaBench/leetcode/ReverseBits/Generated.ilean -c /home/anirudhgupta/PyAstLean/.lake/build/ir/PastaBench/leetcode/ReverseBits/Generated.c --setup /home/anirudhgupta/PyAstLean/.lake/build/ir/PastaBench/leetcode/ReverseBits/Generated.setup.json --json
error: PastaBench/leetcode/ReverseBits/Generated.lean:86:80: Unknown identifier `orig`
error: PastaBench/leetcode/ReverseBits/Generated.lean:82:67: unsolved goals
n : ℤ
⊢ ℤ → Assertion PostShape.pure
error: Lean exited with code 1
✖ [9284/9299] Building PastaBench.leetcode.MaximumBeautyOfAnArrayAfterApplyingOperation.Generated (4.5s)
trace: .> LEAN_PATH=/home/anirudhgupta/PyAstLean/.lake/packages/Cli/.lake/build/lib/lean:/home/anirudhgupta/PyAstLean/.lake/packages/subverso/.lake/build/lib/lean:/home/anirudhgupta/PyAstLean/.lake/packages/MD4Lean/.lake/build/lib/lean:/home/anirudhgupta/PyAstLean/.lake/packages/illuminate/.lake/build/lib/lean:/home/anirudhgupta/PyAstLean/.lake/packages/batteries/.lake/build/lib/lean:/home/anirudhgupta/PyAstLean/.lake/packages/Qq/.lake/build/lib/lean:/home/anirudhgupta/PyAstLean/.lake/packages/aesop/.lake/build/lib/lean:/home/anirudhgupta/PyAstLean/.lake/packages/proofwidgets/.lake/build/lib/lean:/home/anirudhgupta/PyAstLean/.lake/packages/importGraph/.lake/build/lib/lean:/home/anirudhgupta/PyAstLean/.lake/packages/LeanSearchClient/.lake/build/lib/lean:/home/anirudhgupta/PyAstLean/.lake/packages/plausible/.lake/build/lib/lean:/home/anirudhgupta/PyAstLean/.lake/packages/verso/.lake/build/lib/lean:/home/anirudhgupta/.mathlib/v4.31.0/.lake/build/lib/lean:/home/anirudhgupta/PyAstLean/.lake/packages/verso-slides/.lake/build/lib/lean:/home/anirudhgupta/PyAstLean/.lake/build/lib/lean /home/anirudhgupta/.elan/toolchains/leanprover--lean4---v4.31.0/bin/lean /home/anirudhgupta/PyAstLean/PastaBench/leetcode/MaximumBeautyOfAnArrayAfterApplyingOperation/Generated.lean -o /home/anirudhgupta/PyAstLean/.lake/build/lib/lean/PastaBench/leetcode/MaximumBeautyOfAnArrayAfterApplyingOperation/Generated.olean -i /home/anirudhgupta/PyAstLean/.lake/build/lib/lean/PastaBench/leetcode/MaximumBeautyOfAnArrayAfterApplyingOperation/Generated.ilean -c /home/anirudhgupta/PyAstLean/.lake/build/ir/PastaBench/leetcode/MaximumBeautyOfAnArrayAfterApplyingOperation/Generated.c --setup /home/anirudhgupta/PyAstLean/.lake/build/ir/PastaBench/leetcode/MaximumBeautyOfAnArrayAfterApplyingOperation/Generated.setup.json --json
error: PastaBench/leetcode/MaximumBeautyOfAnArrayAfterApplyingOperation/Generated.lean:47:39: Unknown identifier `accumulate`
error: PastaBench/leetcode/MaximumBeautyOfAnArrayAfterApplyingOperation/Generated.lean:52:6: Function expected at
  maximumBeauty
but this term has type
  ?m.1

Note: Expected a function because this term is being applied to the argument
  nums

Hint: The identifier `maximumBeauty` is unknown, and Lean's `autoImplicit` option causes an unknown identifier to be treated as an implicitly bound variable with an unknown type. However, the unknown type cannot be a function, and a function is what Lean expects here. This is often the result of a typo or a missing `import` or `open` statement.
error: PastaBench/leetcode/MaximumBeautyOfAnArrayAfterApplyingOperation/Generated.lean:73:41: Unknown identifier `accumulate`
error: Lean exited with code 1
✖ [9286/9299] Building PastaBench.leetcode.SortFeaturesByPopularity.Generated (4.5s)
trace: .> LEAN_PATH=/home/anirudhgupta/PyAstLean/.lake/packages/Cli/.lake/build/lib/lean:/home/anirudhgupta/PyAstLean/.lake/packages/subverso/.lake/build/lib/lean:/home/anirudhgupta/PyAstLean/.lake/packages/MD4Lean/.lake/build/lib/lean:/home/anirudhgupta/PyAstLean/.lake/packages/illuminate/.lake/build/lib/lean:/home/anirudhgupta/PyAstLean/.lake/packages/batteries/.lake/build/lib/lean:/home/anirudhgupta/PyAstLean/.lake/packages/Qq/.lake/build/lib/lean:/home/anirudhgupta/PyAstLean/.lake/packages/aesop/.lake/build/lib/lean:/home/anirudhgupta/PyAstLean/.lake/packages/proofwidgets/.lake/build/lib/lean:/home/anirudhgupta/PyAstLean/.lake/packages/importGraph/.lake/build/lib/lean:/home/anirudhgupta/PyAstLean/.lake/packages/LeanSearchClient/.lake/build/lib/lean:/home/anirudhgupta/PyAstLean/.lake/packages/plausible/.lake/build/lib/lean:/home/anirudhgupta/PyAstLean/.lake/packages/verso/.lake/build/lib/lean:/home/anirudhgupta/.mathlib/v4.31.0/.lake/build/lib/lean:/home/anirudhgupta/PyAstLean/.lake/packages/verso-slides/.lake/build/lib/lean:/home/anirudhgupta/PyAstLean/.lake/build/lib/lean /home/anirudhgupta/.elan/toolchains/leanprover--lean4---v4.31.0/bin/lean /home/anirudhgupta/PyAstLean/PastaBench/leetcode/SortFeaturesByPopularity/Generated.lean -o /home/anirudhgupta/PyAstLean/.lake/build/lib/lean/PastaBench/leetcode/SortFeaturesByPopularity/Generated.olean -i /home/anirudhgupta/PyAstLean/.lake/build/lib/lean/PastaBench/leetcode/SortFeaturesByPopularity/Generated.ilean -c /home/anirudhgupta/PyAstLean/.lake/build/ir/PastaBench/leetcode/SortFeaturesByPopularity/Generated.c --setup /home/anirudhgupta/PyAstLean/.lake/build/ir/PastaBench/leetcode/SortFeaturesByPopularity/Generated.setup.json --json
error: PastaBench/leetcode/SortFeaturesByPopularity/Generated.lean:60:56: Unknown identifier `cnt`
error: PastaBench/leetcode/SortFeaturesByPopularity/Generated.lean:59:46: unsolved goals
features responses : List String
⊢ List String → Assertion PostShape.pure
error: Lean exited with code 1
✖ [9288/9299] Building PastaBench.leetcode.SmallestEvenMultiple.Proofs (4.5s)
trace: .> LEAN_PATH=/home/anirudhgupta/PyAstLean/.lake/packages/Cli/.lake/build/lib/lean:/home/anirudhgupta/PyAstLean/.lake/packages/subverso/.lake/build/lib/lean:/home/anirudhgupta/PyAstLean/.lake/packages/MD4Lean/.lake/build/lib/lean:/home/anirudhgupta/PyAstLean/.lake/packages/illuminate/.lake/build/lib/lean:/home/anirudhgupta/PyAstLean/.lake/packages/batteries/.lake/build/lib/lean:/home/anirudhgupta/PyAstLean/.lake/packages/Qq/.lake/build/lib/lean:/home/anirudhgupta/PyAstLean/.lake/packages/aesop/.lake/build/lib/lean:/home/anirudhgupta/PyAstLean/.lake/packages/proofwidgets/.lake/build/lib/lean:/home/anirudhgupta/PyAstLean/.lake/packages/importGraph/.lake/build/lib/lean:/home/anirudhgupta/PyAstLean/.lake/packages/LeanSearchClient/.lake/build/lib/lean:/home/anirudhgupta/PyAstLean/.lake/packages/plausible/.lake/build/lib/lean:/home/anirudhgupta/PyAstLean/.lake/packages/verso/.lake/build/lib/lean:/home/anirudhgupta/.mathlib/v4.31.0/.lake/build/lib/lean:/home/anirudhgupta/PyAstLean/.lake/packages/verso-slides/.lake/build/lib/lean:/home/anirudhgupta/PyAstLean/.lake/build/lib/lean /home/anirudhgupta/.elan/toolchains/leanprover--lean4---v4.31.0/bin/lean /home/anirudhgupta/PyAstLean/PastaBench/leetcode/SmallestEvenMultiple/Proofs.lean -o /home/anirudhgupta/PyAstLean/.lake/build/lib/lean/PastaBench/leetcode/SmallestEvenMultiple/Proofs.olean -i /home/anirudhgupta/PyAstLean/.lake/build/lib/lean/PastaBench/leetcode/SmallestEvenMultiple/Proofs.ilean -c /home/anirudhgupta/PyAstLean/.lake/build/ir/PastaBench/leetcode/SmallestEvenMultiple/Proofs.c --setup /home/anirudhgupta/PyAstLean/.lake/build/ir/PastaBench/leetcode/SmallestEvenMultiple/Proofs.setup.json --json
error: PastaBench/leetcode/SmallestEvenMultiple/Proofs.lean:25:43: Type mismatch: After simplification, term
  h
 has type
  @Eq ℤ (n %ₚ 2) 0
but is expected to have type
  @Eq ℤ (pyMod n 2) 0
error: PastaBench/leetcode/SmallestEvenMultiple/Proofs.lean:43:45: `simp` made no progress
error: Lean exited with code 1
✖ [9289/9299] Building PastaBench.leetcode.FindTheOriginalArrayOfPrefixXor.Generated (4.4s)
trace: .> LEAN_PATH=/home/anirudhgupta/PyAstLean/.lake/packages/Cli/.lake/build/lib/lean:/home/anirudhgupta/PyAstLean/.lake/packages/subverso/.lake/build/lib/lean:/home/anirudhgupta/PyAstLean/.lake/packages/MD4Lean/.lake/build/lib/lean:/home/anirudhgupta/PyAstLean/.lake/packages/illuminate/.lake/build/lib/lean:/home/anirudhgupta/PyAstLean/.lake/packages/batteries/.lake/build/lib/lean:/home/anirudhgupta/PyAstLean/.lake/packages/Qq/.lake/build/lib/lean:/home/anirudhgupta/PyAstLean/.lake/packages/aesop/.lake/build/lib/lean:/home/anirudhgupta/PyAstLean/.lake/packages/proofwidgets/.lake/build/lib/lean:/home/anirudhgupta/PyAstLean/.lake/packages/importGraph/.lake/build/lib/lean:/home/anirudhgupta/PyAstLean/.lake/packages/LeanSearchClient/.lake/build/lib/lean:/home/anirudhgupta/PyAstLean/.lake/packages/plausible/.lake/build/lib/lean:/home/anirudhgupta/PyAstLean/.lake/packages/verso/.lake/build/lib/lean:/home/anirudhgupta/.mathlib/v4.31.0/.lake/build/lib/lean:/home/anirudhgupta/PyAstLean/.lake/packages/verso-slides/.lake/build/lib/lean:/home/anirudhgupta/PyAstLean/.lake/build/lib/lean /home/anirudhgupta/.elan/toolchains/leanprover--lean4---v4.31.0/bin/lean /home/anirudhgupta/PyAstLean/PastaBench/leetcode/FindTheOriginalArrayOfPrefixXor/Generated.lean -o /home/anirudhgupta/PyAstLean/.lake/build/lib/lean/PastaBench/leetcode/FindTheOriginalArrayOfPrefixXor/Generated.olean -i /home/anirudhgupta/PyAstLean/.lake/build/lib/lean/PastaBench/leetcode/FindTheOriginalArrayOfPrefixXor/Generated.ilean -c /home/anirudhgupta/PyAstLean/.lake/build/ir/PastaBench/leetcode/FindTheOriginalArrayOfPrefixXor/Generated.c --setup /home/anirudhgupta/PyAstLean/.lake/build/ir/PastaBench/leetcode/FindTheOriginalArrayOfPrefixXor/Generated.setup.json --json
error: PastaBench/leetcode/FindTheOriginalArrayOfPrefixXor/Generated.lean:58:60: Function expected at
  isinstance
but this term has type
  ?m.1

Note: Expected a function because this term is being applied to the argument
  x

Hint: The identifier `isinstance` is unknown, and Lean's `autoImplicit` option causes an unknown identifier to be treated as an implicitly bound variable with an unknown type. However, the unknown type cannot be a function, and a function is what Lean expects here. This is often the result of a typo or a missing `import` or `open` statement.
error: Lean exited with code 1
✖ [9291/9299] Building PastaBench.leetcode.DistributeCandiesToPeople.Generated (4.6s)
trace: .> LEAN_PATH=/home/anirudhgupta/PyAstLean/.lake/packages/Cli/.lake/build/lib/lean:/home/anirudhgupta/PyAstLean/.lake/packages/subverso/.lake/build/lib/lean:/home/anirudhgupta/PyAstLean/.lake/packages/MD4Lean/.lake/build/lib/lean:/home/anirudhgupta/PyAstLean/.lake/packages/illuminate/.lake/build/lib/lean:/home/anirudhgupta/PyAstLean/.lake/packages/batteries/.lake/build/lib/lean:/home/anirudhgupta/PyAstLean/.lake/packages/Qq/.lake/build/lib/lean:/home/anirudhgupta/PyAstLean/.lake/packages/aesop/.lake/build/lib/lean:/home/anirudhgupta/PyAstLean/.lake/packages/proofwidgets/.lake/build/lib/lean:/home/anirudhgupta/PyAstLean/.lake/packages/importGraph/.lake/build/lib/lean:/home/anirudhgupta/PyAstLean/.lake/packages/LeanSearchClient/.lake/build/lib/lean:/home/anirudhgupta/PyAstLean/.lake/packages/plausible/.lake/build/lib/lean:/home/anirudhgupta/PyAstLean/.lake/packages/verso/.lake/build/lib/lean:/home/anirudhgupta/.mathlib/v4.31.0/.lake/build/lib/lean:/home/anirudhgupta/PyAstLean/.lake/packages/verso-slides/.lake/build/lib/lean:/home/anirudhgupta/PyAstLean/.lake/build/lib/lean /home/anirudhgupta/.elan/toolchains/leanprover--lean4---v4.31.0/bin/lean /home/anirudhgupta/PyAstLean/PastaBench/leetcode/DistributeCandiesToPeople/Generated.lean -o /home/anirudhgupta/PyAstLean/.lake/build/lib/lean/PastaBench/leetcode/DistributeCandiesToPeople/Generated.olean -i /home/anirudhgupta/PyAstLean/.lake/build/lib/lean/PastaBench/leetcode/DistributeCandiesToPeople/Generated.ilean -c /home/anirudhgupta/PyAstLean/.lake/build/ir/PastaBench/leetcode/DistributeCandiesToPeople/Generated.c --setup /home/anirudhgupta/PyAstLean/.lake/build/ir/PastaBench/leetcode/DistributeCandiesToPeople/Generated.setup.json --json
error: PastaBench/leetcode/DistributeCandiesToPeople/Generated.lean:87:29: Unknown identifier `orig_candies`
error: Lean exited with code 1
✖ [9293/9299] Building PastaBench.leetcode.PoorPigs.Generated (4.6s)
trace: .> LEAN_PATH=/home/anirudhgupta/PyAstLean/.lake/packages/Cli/.lake/build/lib/lean:/home/anirudhgupta/PyAstLean/.lake/packages/subverso/.lake/build/lib/lean:/home/anirudhgupta/PyAstLean/.lake/packages/MD4Lean/.lake/build/lib/lean:/home/anirudhgupta/PyAstLean/.lake/packages/illuminate/.lake/build/lib/lean:/home/anirudhgupta/PyAstLean/.lake/packages/batteries/.lake/build/lib/lean:/home/anirudhgupta/PyAstLean/.lake/packages/Qq/.lake/build/lib/lean:/home/anirudhgupta/PyAstLean/.lake/packages/aesop/.lake/build/lib/lean:/home/anirudhgupta/PyAstLean/.lake/packages/proofwidgets/.lake/build/lib/lean:/home/anirudhgupta/PyAstLean/.lake/packages/importGraph/.lake/build/lib/lean:/home/anirudhgupta/PyAstLean/.lake/packages/LeanSearchClient/.lake/build/lib/lean:/home/anirudhgupta/PyAstLean/.lake/packages/plausible/.lake/build/lib/lean:/home/anirudhgupta/PyAstLean/.lake/packages/verso/.lake/build/lib/lean:/home/anirudhgupta/.mathlib/v4.31.0/.lake/build/lib/lean:/home/anirudhgupta/PyAstLean/.lake/packages/verso-slides/.lake/build/lib/lean:/home/anirudhgupta/PyAstLean/.lake/build/lib/lean /home/anirudhgupta/.elan/toolchains/leanprover--lean4---v4.31.0/bin/lean /home/anirudhgupta/PyAstLean/PastaBench/leetcode/PoorPigs/Generated.lean -o /home/anirudhgupta/PyAstLean/.lake/build/lib/lean/PastaBench/leetcode/PoorPigs/Generated.olean -i /home/anirudhgupta/PyAstLean/.lake/build/lib/lean/PastaBench/leetcode/PoorPigs/Generated.ilean -c /home/anirudhgupta/PyAstLean/.lake/build/ir/PastaBench/leetcode/PoorPigs/Generated.c --setup /home/anirudhgupta/PyAstLean/.lake/build/ir/PastaBench/leetcode/PoorPigs/Generated.setup.json --json
error: PastaBench/leetcode/PoorPigs/Generated.lean:66:60: Unknown identifier `base`
error: Lean exited with code 1
✖ [9295/9299] Building PastaBench.leetcode.WaterBottlesIi.Generated (4.6s)
trace: .> LEAN_PATH=/home/anirudhgupta/PyAstLean/.lake/packages/Cli/.lake/build/lib/lean:/home/anirudhgupta/PyAstLean/.lake/packages/subverso/.lake/build/lib/lean:/home/anirudhgupta/PyAstLean/.lake/packages/MD4Lean/.lake/build/lib/lean:/home/anirudhgupta/PyAstLean/.lake/packages/illuminate/.lake/build/lib/lean:/home/anirudhgupta/PyAstLean/.lake/packages/batteries/.lake/build/lib/lean:/home/anirudhgupta/PyAstLean/.lake/packages/Qq/.lake/build/lib/lean:/home/anirudhgupta/PyAstLean/.lake/packages/aesop/.lake/build/lib/lean:/home/anirudhgupta/PyAstLean/.lake/packages/proofwidgets/.lake/build/lib/lean:/home/anirudhgupta/PyAstLean/.lake/packages/importGraph/.lake/build/lib/lean:/home/anirudhgupta/PyAstLean/.lake/packages/LeanSearchClient/.lake/build/lib/lean:/home/anirudhgupta/PyAstLean/.lake/packages/plausible/.lake/build/lib/lean:/home/anirudhgupta/PyAstLean/.lake/packages/verso/.lake/build/lib/lean:/home/anirudhgupta/.mathlib/v4.31.0/.lake/build/lib/lean:/home/anirudhgupta/PyAstLean/.lake/packages/verso-slides/.lake/build/lib/lean:/home/anirudhgupta/PyAstLean/.lake/build/lib/lean /home/anirudhgupta/.elan/toolchains/leanprover--lean4---v4.31.0/bin/lean /home/anirudhgupta/PyAstLean/PastaBench/leetcode/WaterBottlesIi/Generated.lean -o /home/anirudhgupta/PyAstLean/.lake/build/lib/lean/PastaBench/leetcode/WaterBottlesIi/Generated.olean -i /home/anirudhgupta/PyAstLean/.lake/build/lib/lean/PastaBench/leetcode/WaterBottlesIi/Generated.ilean -c /home/anirudhgupta/PyAstLean/.lake/build/ir/PastaBench/leetcode/WaterBottlesIi/Generated.c --setup /home/anirudhgupta/PyAstLean/.lake/build/ir/PastaBench/leetcode/WaterBottlesIi/Generated.setup.json --json
error: PastaBench/leetcode/WaterBottlesIi/Generated.lean:85:14: Unknown identifier `initialBottles`
error: PastaBench/leetcode/WaterBottlesIi/Generated.lean:85:46: Unknown identifier `initialExchange`
error: Lean exited with code 1
✖ [9297/9299] Building PastaBench.leetcode.MinimumRightShiftsToSortTheArray.Generated (4.8s)
trace: .> LEAN_PATH=/home/anirudhgupta/PyAstLean/.lake/packages/Cli/.lake/build/lib/lean:/home/anirudhgupta/PyAstLean/.lake/packages/subverso/.lake/build/lib/lean:/home/anirudhgupta/PyAstLean/.lake/packages/MD4Lean/.lake/build/lib/lean:/home/anirudhgupta/PyAstLean/.lake/packages/illuminate/.lake/build/lib/lean:/home/anirudhgupta/PyAstLean/.lake/packages/batteries/.lake/build/lib/lean:/home/anirudhgupta/PyAstLean/.lake/packages/Qq/.lake/build/lib/lean:/home/anirudhgupta/PyAstLean/.lake/packages/aesop/.lake/build/lib/lean:/home/anirudhgupta/PyAstLean/.lake/packages/proofwidgets/.lake/build/lib/lean:/home/anirudhgupta/PyAstLean/.lake/packages/importGraph/.lake/build/lib/lean:/home/anirudhgupta/PyAstLean/.lake/packages/LeanSearchClient/.lake/build/lib/lean:/home/anirudhgupta/PyAstLean/.lake/packages/plausible/.lake/build/lib/lean:/home/anirudhgupta/PyAstLean/.lake/packages/verso/.lake/build/lib/lean:/home/anirudhgupta/.mathlib/v4.31.0/.lake/build/lib/lean:/home/anirudhgupta/PyAstLean/.lake/packages/verso-slides/.lake/build/lib/lean:/home/anirudhgupta/PyAstLean/.lake/build/lib/lean /home/anirudhgupta/.elan/toolchains/leanprover--lean4---v4.31.0/bin/lean /home/anirudhgupta/PyAstLean/PastaBench/leetcode/MinimumRightShiftsToSortTheArray/Generated.lean -o /home/anirudhgupta/PyAstLean/.lake/build/lib/lean/PastaBench/leetcode/MinimumRightShiftsToSortTheArray/Generated.olean -i /home/anirudhgupta/PyAstLean/.lake/build/lib/lean/PastaBench/leetcode/MinimumRightShiftsToSortTheArray/Generated.ilean -c /home/anirudhgupta/PyAstLean/.lake/build/ir/PastaBench/leetcode/MinimumRightShiftsToSortTheArray/Generated.c --setup /home/anirudhgupta/PyAstLean/.lake/build/ir/PastaBench/leetcode/MinimumRightShiftsToSortTheArray/Generated.setup.json --json
error: PastaBench/leetcode/MinimumRightShiftsToSortTheArray/Generated.lean:101:41: Unknown identifier `n`
error: PastaBench/leetcode/MinimumRightShiftsToSortTheArray/Generated.lean:104:38: Unknown identifier `n`
error: Lean exited with code 1
Some required targets logged failures:
- PastaBench.Support
- job computation
- PastaBench
- PastaBench.leetcode.SumOfDigitsInTheMinimumNumber.Generated
- PastaBench.leetcode.ReverseBits.Generated
- PastaBench.leetcode.MaximumBeautyOfAnArrayAfterApplyingOperation.Generated
- PastaBench.leetcode.SortFeaturesByPopularity.Generated
- PastaBench.leetcode.SmallestEvenMultiple.Proofs
- PastaBench.leetcode.FindTheOriginalArrayOfPrefixXor.Generated
- PastaBench.leetcode.DistributeCandiesToPeople.Generated
- PastaBench.leetcode.PoorPigs.Generated
- PastaBench.leetcode.WaterBottlesIi.Generated
- PastaBench.leetcode.MinimumRightShiftsToSortTheArray.Generated
error: build failed
BUILD_DONE rc=1
