[10:47:09] HumanEval RUN: translating 164 via one warm backend ...
[10:47:15] Building + running 164 test harnesses (8-way) ...
[10:47:31]   ran 20/164
[10:47:42]   ran 40/164
[10:47:59]   ran 60/164
[10:48:10]   ran 80/164
[10:48:26]   ran 100/164
[10:48:38]   ran 120/164
[10:48:54]   ran 140/164
[10:49:05]   ran 160/164

============================================================
HUMANEVAL TEST-CASE RUN REPORT
============================================================
  problems          : 164
  all cases pass    : 95
  some cases fail   : 3
  couldn't run      : 66
  total cases       : 4773/4827 passed
------------------------------------------------------------
  some cases fail (passed/total):
     AntiShuffle                      47/50
     MeanAbsoluteDeviation            48/50
     StringToMd5                      0/49
------------------------------------------------------------
  couldn't run:
     AddElements                      compile_fail
     AnyInt                           compile_fail
     BelowThreshold                   compile_fail
     ByLength                         compile_fail
     CheckDictCase                    compile_fail
     CheckIfLastCharIsALetter         compile_fail
     CircularShift                    compile_fail
     ClosestInteger                   compile_fail
     Common                           no_cases
     CompareOne                       compile_fail
     CountNums                        compile_fail
     CountUpper                       compile_fail
     DecodeCyclic                     compile_fail
     Derivative                       compile_fail
     Digits                           compile_fail
     DoAlgebra                        compile_fail
     DoubleTheDifference              compile_fail
     Encode                           compile_fail
     Encrypt                          compile_fail
     EvenOddCount                     compile_fail
     FilterByPrefix                   no_cases
     FilterIntegers                   compile_fail
     FindMax                          compile_fail
     FindZero                         compile_fail
     FixSpaces                        compile_fail
     GetPositive                      compile_fail
     GetRow                           no_cases
     HexKey                           compile_fail
     Histogram                        no_cases
     IncrList                         compile_fail
     Intersection                     compile_fail
     IsNested                         compile_fail
     LargestSmallestIntegers          compile_fail
     MatchParens                      compile_fail
     MaxElement                       compile_fail
     Maximum                          compile_fail
     Median                           compile_fail
     Minpath                          compile_fail
     Minsubarraysum                   compile_fail
     Multiply                         compile_fail
     NextSmallest                     compile_fail
     NumericalLetterGrade             compile_fail
     OrderByPoints                    compile_fail
     Pluck                            compile_fail
     PrimeFib                         compile_fail
     RemoveVowels                     compile_fail
     ReverseDelete                    compile_fail
     RoundedAvg                       compile_fail
     Search                           compile_fail
     Skjkasdkd                        compile_fail
     Solve161                         compile_fail
     Solve84                          compile_fail
     SortArray116                     compile_fail
     SortEven                         compile_fail
     SortThird                        compile_fail
     SortedListSum                    compile_fail
     SplitWords                       compile_fail
     StrangeSortList                  compile_fail
     StrongestExtension               compile_fail
     SumSquares142                    compile_fail
     TotalMatch                       compile_fail
     Tri                              compile_fail
     TriangleArea71                   compile_fail
     Unique                           no_cases
     UniqueDigits                     compile_fail
     ValidDate                        compile_fail
[10:49:10] Compile-checking 4 numpy files ...
[10:49:14]   numpy NumpyDef.lean: ok
[10:49:17]   numpy TheoremsNumpy.lean: ok
[10:49:23]   numpy numpy_test.lean: ok
[10:49:30]   numpy numpy_extended_test.lean: ok
------------------------------------------------------------
  numpy:
     NumpyDef.lean                ok
     TheoremsNumpy.lean           ok
     numpy_test.lean              ok
     numpy_extended_test.lean     ok
============================================================
Full report: /home/anirudhgupta/PyAstLean/PastaBench/pastaeval_report.json
