proveFile reported elaboration errors; some asserts may be left `sorry`.
proveFile reported elaboration errors; some asserts may be left `sorry`.
proveFile reported elaboration errors; some asserts may be left `sorry`.
proveFile reported elaboration errors; some asserts may be left `sorry`.
proveFile reported elaboration errors; some asserts may be left `sorry`.
proveFile reported elaboration errors; some asserts may be left `sorry`.
proveFile reported elaboration errors; some asserts may be left `sorry`.
proveFile reported elaboration errors; some asserts may be left `sorry`.
proveFile reported elaboration errors; some asserts may be left `sorry`.
[1/301] ok   RemoveDuplicatesFromSortedList
[2/301] ok   ReverseLinkedList
[3/301] ok   ClosestBinarySearchTreeValueIi
[4/301] ok   CountOfRangeSum
[5/301] ok   CountTheNumberOfKBigIndices
[6/301] ok   BinaryTreeLevelOrderTraversal
[7/301] ok   BinaryTreeLevelOrderTraversalIi
[8/301] ok   BinaryTreeRightSideView
[9/301] ok   CountGoodNodesInBinaryTree
[10/301] ok   FindNearestRightNodeInBinaryTree
[11/301] ok   OddEvenLinkedList
[12/301] ok   SwappingNodesInALinkedList
[13/301] ok   BinaryPrefixDivisibleBy5
[14/301] ok   CheckWhetherTwoStringsAreAlmostEquivalent
[15/301] ok   ClearDigits
[16/301] ok   ConvertIntegerToTheSumOfTwoNoZeroIntegers
[17/301] ok   CountEqualAndDivisiblePairsInAnArray
[18/301] ok   CountTestedDevicesAfterTestOperations
[19/301] ok   DecodeXoredArray
[20/301] ok   FaultyKeyboard
[21/301] ok   FindCommonCharacters
[22/301] ok   FindMaximumNumberOfStringPairs
[23/301] ok   FindTheDifference
[24/301] ok   FindTheDistanceValueBetweenTwoArrays
[25/301] ok   FindTheEncryptedString
[26/301] ok   FindThePivotInteger
[27/301] ok   FirstLetterToAppearTwice
[28/301] ok   MaximumProductOfTwoElementsInAnArray
[29/301] ok   MergeSimilarItems
[30/301] ok   ReverseBits
[31/301] ok   TeemoAttacking
[32/301] ok   EarliestPossibleDayOfFullBloom
[33/301] ok   FindAValueOfAMysteriousFunctionClosestToTarget
[34/301] ok   FindMaximumNonDecreasingArrayLength
[35/301] ok   FindTheMaximumSumOfNodeValues
[36/301] ok   KInversePairsArray
[37/301] ok   LengthOfTheLongestValidSubstring
[38/301] ok   LongestHappyPrefix
[39/301] ok   MaximumNumberOfOnes
[40/301] ok   MaximumTotalRewardUsingOperationsIi
[41/301] ok   MinimumDeletionsToMakeArrayDivisible
[42/301] ok   MinimumDifficultyOfAJobSchedule
[43/301] ok   NumberOfDifferentSubsequencesGcds
[44/301] ok   NumberOfExcellentPairs
[45/301] ok   NumberOfSubarraysWithAndValueOfK
[46/301] ok   NumberOfUniqueGoodSubsequences
[47/301] ok   RussianDollEnvelopes
[48/301] ok   StrangePrinter
[49/301] ok   TotalAppealOfAString
[50/301] ok   N4KeysKeyboard
[51/301] ok   ApplyOperationsToMakeSumOfArrayGreaterThanOrEqualToK
[52/301] ok   BestSightseeingPair
[53/301] ok   CountAlternatingSubarrays
[54/301] ok   CountNumberOfBadPairs
[55/301] ok   CountNumberOfDistinctIntegersAfterReverseOperations
[56/301] ok   FindTheDivisibilityArrayOfAString
[57/301] ok   FindTriangularSumOfAnArray
[58/301] ok   FlipColumnsForMaximumNumberOfEqualRows
[59/301] ok   FrogJumpIi
[60/301] ok   HIndex
[61/301] ok   LargestCombinationWithBitwiseAndGreaterThanZero
[62/301] ok   LargestElementInAnArrayAfterMergeOperations
[63/301] ok   LastMomentBeforeAllAntsFallOutOfAPlank
[64/301] ok   LongestArithmeticSubsequenceOfGivenDifference
[65/301] ok   MaximizeGreatnessOfAnArray
[66/301] ok   MaximumBeautyOfAnArrayAfterApplyingOperation
[67/301] ok   MaximumConsecutiveFloorsWithoutSpecialFloors
[68/301] ok   MaximumLinearStockScore
[69/301] ok   MaximumProductAfterKIncrements
[70/301] ok   MinimumAddToMakeParenthesesValid
[71/301] ok   MinimumNumberOfStepsToMakeTwoStringsAnagram
[72/301] ok   MinimumNumberOfStepsToMakeTwoStringsAnagramIi
[73/301] ok   MinimumSuffixFlips
[74/301] ok   NumberOfSubArraysOfSizeKAndAverageGreaterThanOrEqualToThreshold
[75/301] ok   NumberOfTimesBinaryStringIsPrefixAligned
[76/301] ok   NumberOfWaysToBuyPensAndPencils
[77/301] ok   NumberOfWaysToSplitArray
[78/301] ok   NumberOfZeroFilledSubarrays
[79/301] ok   PaintFence
[80/301] ok   QueriesOnAPermutationWithKey
[81/301] ok   QueueReconstructionByHeight
[82/301] ok   RabbitsInForest
[83/301] ok   RemoveStonesToMinimizeTheTotal
[84/301] ok   SearchA2dMatrixIi
[85/301] ok   SortFeaturesByPopularity
[86/301] ok   SubstringsThatBeginAndEndWithTheSameLetter
[87/301] ok   TaskSchedulerIi
[88/301] ok   AddToArrayFormOfInteger
[89/301] ok   ArmstrongNumber
[90/301] ok   BinaryNumberWithAlternatingBits
[91/301] ok   BinarySearch
[92/301] ok   CalculateDigitSumOfAString
[93/301] ok   ConstructTheRectangle
[94/301] ok   CountOperationsToObtainZero
[95/301] ok   CountSubstringsWithOnlyOneDistinctLetter
[96/301] ok   DistanceBetweenBusStops
[97/301] ok   DistributeCandiesToPeople
[98/301] ok   FinalPricesWithASpecialDiscountInAShop
[99/301] ok   FindTheLosersOfTheCircularGame
[100/301] ok   HarshadNumber
[101/301] ok   KeepMultiplyingFoundValuesByTwo
[102/301] ok   LengthOfLastWord
[103/301] ok   LongestEvenOddSubarrayWithThreshold
[104/301] ok   MaximumHeightOfATriangle
[105/301] ok   MaximumLengthSubstringWithTwoOccurrences
[106/301] ok   MaximumNumberOfBallsInABox
[107/301] ok   MinimumMovesToConvertString
[108/301] ok   MinimumRightShiftsToSortTheArray
[109/301] ok   MinimumSumOfFourDigitNumberAfterSplittingDigits
[110/301] ok   NextGreaterElementI
[111/301] ok   NumberOf1Bits
[112/301] ok   PalindromeNumber
[113/301] ok   SearchInsertPosition
[114/301] ok   Sqrtx
[115/301] ok   SumOfDigitsInTheMinimumNumber
[116/301] ok   CourseScheduleIii
[117/301] ok   CycleLengthQueriesInATree
[118/301] ok   FindMinimumInRotatedSortedArrayIi
[119/301] ok   FindTheClosestPalindrome
[120/301] ok   Ipo
[121/301] ok   JumpGameIv
[122/301] ok   KthSmallestNumberInMultiplicationTable
[123/301] ok   LargestRectangleInHistogram
[124/301] ok   LastSubstringInLexicographicalOrder
[125/301] ok   LongestChunkedPalindromeDecomposition
[126/301] ok   LongestCycleInAGraph
[127/301] ok   MakeStringAntiPalindrome
[128/301] ok   MaximumHeightByStackingCuboids
[129/301] ok   MaximumRunningTimeOfNComputers
[130/301] ok   MinimumNumberOfIncreasingSubsequenceToBeRemoved
[131/301] ok   MinimumOneBitOperationsToMakeIntegersZero
[132/301] ok   NumberOfValidSubarrays
[133/301] ok   NumberOfValidWordsForEachPuzzle
[134/301] ok   PoorPigs
[135/301] ok   ReplaceNonCoprimeNumbersInArray
[136/301] ok   ShortestSubarrayWithSumAtLeastK
[137/301] ok   SlidingWindowMaximum
[138/301] ok   AllPathsFromSourceToTarget
[139/301] ok   AsteroidCollision
[140/301] ok   BitwiseAndOfNumbersRange
[141/301] ok   BoatsToSavePeople
[142/301] ok   BrokenCalculator
[143/301] ok   BuildAnArrayWithStackOperations
[144/301] ok   ContainerWithMostWater
[145/301] ok   ContinuousSubarrays
[146/301] ok   CountGoodMeals
[147/301] ok   CountSubstringsWithoutRepeatingCharacter
[148/301] ok   CuttingRibbons
[149/301] ok   DecodeTheSlantedCiphertext
[150/301] ok   DetermineTheMinimumSumOfAKAvoidingArray
[151/301] ok   FindAPeakElementIi
[152/301] ok   FindPeakElement
[153/301] ok   FindTheKThLuckyNumber
[154/301] ok   FindTheLongestSemiRepetitiveSubstring
[155/301] ok   FindTheMaximumLengthOfValidSubsequenceIi
[156/301] ok   FindTheMostCompetitiveSubsequence
[157/301] ok   IncrementalMemoryLeak
[158/301] ok   LargestMergeOfTwoStrings
[159/301] ok   LengthOfLongestSubarrayWithAtMostKFrequency
[160/301] ok   LongestConsecutiveSequence
[161/301] ok   LongestContinuousSubarrayWithAbsoluteDiffLessThanOrEqualToLimit
[162/301] ok   LongestSubstringWithAtMostTwoDistinctCharacters
[163/301] ok   MagicalString
[164/301] ok   MaxSumOfAPairWithEqualSumOfDigits
[165/301] ok   MaximumCandiesAllocatedToKChildren
[166/301] ok   MaximumScoreFromRemovingStones
[167/301] ok   MaximumValueAfterInsertion
[168/301] ok   MaximumValueAtAGivenIndexInABoundedArray
[169/301] ok   MinimumDeletionsToMakeArrayBeautiful
[170/301] ok   MinimumGardenPerimeterToCollectEnoughApples
[171/301] ok   MinimumLengthOfStringAfterDeletingSimilarEnds
[172/301] ok   MinimumOperationsToMakeBinaryArrayElementsEqualToOneIi
[173/301] ok   MinimumOperationsToMakeTheIntegerZero
[174/301] ok   MonotoneIncreasingDigits
[175/301] ok   NthDigit
[176/301] ok   NumberOfSmoothDescentPeriodsOfAStock
[177/301] ok   PalindromicSubstrings
[178/301] ok   PathInZigzagLabelledBinaryTree
[179/301] ok   PeakIndexInAMountainArray
[180/301] ok   ReachANumber
[181/301] ok   RemoveAdjacentAlmostEqualCharacters
[182/301] ok   ShortestUnsortedContinuousSubarray
[183/301] ok   SingleElementInASortedArray
[184/301] ok   SmallestStringWithAGivenNumericValue
[185/301] ok   StepsToMakeArrayNonDecreasing
[186/301] ok   TakingMaximumEnergyFromTheMysticDungeon
[187/301] ok   WaterBottlesIi
[188/301] ok   ANumberAfterADoubleReversal
[189/301] ok   AddDigits
[190/301] ok   AddTwoIntegers
[191/301] ok   AntOnTheBoundary
[192/301] ok   BuildArrayFromPermutationproveFile reported elaboration errors; some asserts may be left `sorry`.
proveFile reported elaboration errors; some asserts may be left `sorry`.
proveFile reported elaboration errors; some asserts may be left `sorry`.
proveFile reported elaboration errors; some asserts may be left `sorry`.
proveFile reported elaboration errors; some asserts may be left `sorry`.
proveFile reported elaboration errors; some asserts may be left `sorry`.
proveFile reported elaboration errors; some asserts may be left `sorry`.
proveFile reported elaboration errors; some asserts may be left `sorry`.

[193/301] ok   CheckIfAStringIsAnAcronymOfWords
[194/301] ok   CheckIfAllAsAppearsBeforeAllBs
[195/301] ok   CheckIfAllCharactersHaveEqualNumberOfOccurrences
[196/301] ok   CheckIfBinaryStringHasAtMostOneSegmentOfOnes
[197/301] ok   CheckIfTheSentenceIsPangram
[198/301] ok   CheckIfTwoStringArraysAreEquivalent
[199/301] ok   ConcatenationOfArray
[200/301] ok   CountDistinctNumbersOnBoard
[201/301] ok   CountOddNumbersInAnIntervalRange
[202/301] ok   CountOfMatchesInTournament
[203/301] ok   CountPrefixesOfAGivenString
[204/301] ok   CountingBits
[205/301] ok   CountingWordsWithAGivenPrefix
[206/301] ok   DefangingAnIpAddress
[207/301] ok   DetermineColorOfAChessboardSquare
[208/301] ok   DetermineIfTwoEventsHaveConflict
[209/301] ok   FinalValueOfVariableAfterPerformingOperations
[210/301] ok   FindGreatestCommonDivisorOfArray
[211/301] ok   FindNumbersWithEvenNumberOfDigits
[212/301] ok   FindTheHighestAltitude
[213/301] ok   FindTheIntegerAddedToArrayI
[214/301] ok   FindTheMaximumAchievableNumber
[215/301] ok   FurthestPointFromOrigin
[216/301] ok   GenerateAStringWithCharactersThatHaveOddCounts
[217/301] ok   GoalParserInterpretation
[218/301] ok   HammingDistance
[219/301] ok   MakeTwoArraysEqualByReversingSubarrays
[220/301] ok   MinimizeStringLength
[221/301] ok   MinimumBitFlipsToConvertNumber
[222/301] ok   RepeatedSubstringPattern
[223/301] ok   RunningSumOf1dArray
[224/301] ok   SingleNumber
[225/301] ok   SmallestEvenMultiple
[226/301] ok   SortIntegersByTheNumberOf1Bits
[227/301] ok   TransposeMatrix
[228/301] ok   CheckIfItIsAGoodArray
[229/301] ok   CheckIfPointIsReachable
[230/301] ok   FindXorSumOfAllPairsBitwiseAnd
[231/301] SKIP MinimumCostToEqualizeArray: degraded output, not written
[232/301] ok   MinimumNumberOfIncrementsOnSubarraysToFormATargetArray
[233/301] ok   NthMagicalNumber
[234/301] ok   NumberOfFlowersInFullBloom
[235/301] ok   SubtreeRemovalGameWithFibonacciTree
[236/301] ok   TriplesWithBitwiseAndEqualToZero
[237/301] ok   N4sumIi
[238/301] ok   AliceAndBobPlayingFlowerGame
[239/301] ok   AngleBetweenHandsOfAClock
[240/301] ok   ApplyBitwiseOperationsToMakeStringsEqual
[241/301] ok   BinaryStringWithSubstringsRepresenting1ToN
[242/301] ok   CheckIfArrayPairsAreDivisibleByK
[243/301] ok   CircularPermutationInBinaryRepresentation
[244/301] ok   ConstructKPalindromeStrings
[245/301] ok   ConstructTheLongestNewString
[246/301] ok   CountCollisionsOnARoad
[247/301] ok   CountSubstringsStartingAndEndingWithGivenCharacter
[248/301] ok   CustomSortString
[249/301] ok   DetermineIfACellIsReachableAtAGivenTime
[250/301] ok   EncodeNumber
[251/301] ok   EscapeTheGhosts
[252/301] ok   FindTheDuplicateNumber
[253/301] ok   FindTheOriginalArrayOfPrefixXor
[254/301] ok   FindThreeConsecutiveIntegersThatSumToAGivenNumber
[255/301] ok   GroupsOfSpecialEquivalentStrings
[256/301] ok   MaximumBinaryStringAfterChange
[257/301] ok   MaximumNumberOfGroupsEnteringACompetition
[258/301] ok   MaximumNumberOfWeeksForWhichYouCanWork
[259/301] ok   MaximumNumberThatMakesResultOfBitwiseAndZero
[260/301] ok   MaximumSizeOfASetAfterRemovals
[261/301] ok   MaximumXorAfterOperations
[262/301] ok   MinimizedMaximumOfProductsDistributedToAnyStore
[263/301] ok   MinimumElementsToAddToFormAGivenSum
[264/301] ok   MinimumImpossibleOr
[265/301] ok   MinimumLimitOfBallsInABag
[266/301] ok   MinimumNumberOfChangesToMakeBinaryStringBeautiful
[267/301] ok   MinimumNumberOfOperationsToMakeArrayXorEqualToK
[268/301] ok   MinimumNumberOfOperationsToMakeWordKPeriodic
[269/301] ok   MinimumNumbersOfFunctionCallsToMakeTargetArray
[270/301] ok   MinimumOperationsToMakeArrayEqual
[271/301] ok   MinimumTimeToCompleteTrips
[272/301] ok   MirrorReflection
[273/301] ok   NumberOfDistinctBinaryStringsAfterApplyingOperations
[274/301] ok   NumberOfDistinctSubstringsInAString
[275/301] ok   PartitioningIntoMinimumNumberOfDeciBinaryNumbers
[276/301] ok   RectangleArea
[277/301] ok   ReverseWordsInAString
[278/301] ok   SortCharactersByFrequency
[279/301] ok   SortTheStudentsByTheirKthScore
[280/301] ok   TaskScheduler
[281/301] ok   TopKFrequentWords
[282/301] ok   VowelsGameInAString
[283/301] ok   WaterAndJugProblem
[284/301] ok   MinimumNumberOfSwapsToMakeTheBinaryStringAlternating
[285/301] ok   LexicographicallySmallestPalindrome
[286/301] ok   ShortestSubarrayToBeRemovedToMakeArraySorted
[287/301] ok   MaskingPersonalInformation
[288/301] ok   CellsInARangeOnAnExcelSheet
[289/301] ok   StudentAttendanceRecordI
[290/301] ok   Dota2Senate
[291/301] ok   RemovePalindromicSubsequences
[292/301] ok   MinimumStringLengthAfterRemovingSubstrings
[293/301] ok   SortVowelsInAString
[294/301] ok   FindAllLonelyNumbersInTheArray
[295/301] ok   MissingNumberInArithmeticProgression
[296/301] ok   SortingTheSentence
[297/301] ok   ThreeDivisors
[298/301] ok   RansomNote
[299/301] ok   LongestIncreasingSubsequence
[300/301] ok   SmallestMissingNonNegativeIntegerAfterOperations
[301/301] ok   CPython

[!] 1 failed to regenerate:
      MinimumCostToEqualizeArray: degraded to pyUnsupported — kept existing file
