[*] 153 snippets under /tmp/TypeEvalPy/micro-benchmark/python_features

=== Per dimension ===
  return  match 166/230 (72.2%)  cover 172/230 (74.8%)  TypeSim 0.724
  param   match 60/95 (63.2%)  cover 60/95 (63.2%)  TypeSim 0.632
  var     match 307/525 (58.5%)  cover 339/525 (64.6%)  TypeSim 0.590
  ALL     match 533/850 (62.7%)  cover 571/850 (67.2%)  TypeSim 0.631

=== Per category (all dimensions) ===
  args             match 27/43 (62.8%)  cover 28/43 (65.1%)  TypeSim 0.628
  assignments      match 77/82 (93.9%)  cover 77/82 (93.9%)  TypeSim 0.939
  builtins         match 40/68 (58.8%)  cover 47/68 (69.1%)  TypeSim 0.603
  classes          match 70/122 (57.4%)  cover 86/122 (70.5%)  TypeSim 0.574
  decorators       match 24/52 (46.2%)  cover 27/52 (51.9%)  TypeSim 0.462
  dicts            match 75/107 (70.1%)  cover 79/107 (73.8%)  TypeSim 0.706
  direct_calls     match 13/24 (54.2%)  cover 13/24 (54.2%)  TypeSim 0.542
  dynamic          match 3/9 (33.3%)  cover 3/9 (33.3%)  TypeSim 0.333
  exceptions       match 1/2 (50.0%)  cover 1/2 (50.0%)  TypeSim 0.500
  external         match 2/16 (12.5%)  cover 3/16 (18.8%)  TypeSim 0.125
  functions        match 28/37 (75.7%)  cover 29/37 (78.4%)  TypeSim 0.773
  generators       match 41/70 (58.6%)  cover 43/70 (61.4%)  TypeSim 0.593
  imports          match 17/25 (68.0%)  cover 18/25 (72.0%)  TypeSim 0.704
  kwargs           match 12/22 (54.5%)  cover 12/22 (54.5%)  TypeSim 0.545
  lambdas          match 14/34 (41.2%)  cover 14/34 (41.2%)  TypeSim 0.412
  lists            match 41/60 (68.3%)  cover 41/60 (68.3%)  TypeSim 0.683
  mro              match 17/34 (50.0%)  cover 19/34 (55.9%)  TypeSim 0.500
  returns          match 31/43 (72.1%)  cover 31/43 (72.1%)  TypeSim 0.721

[*] snippets with a backend/convert error: 0
[*] summary -> typeinfer_bench/typeinfer_summary.json
