[*] 5453 snippets under /tmp/TypeEvalPy/autogen_typeevalpy_benchmark/python_features

=== Per dimension ===
  return  match 16179/17998 (89.9%)  cover 16538/17998 (91.9%)  TypeSim 0.901
  param   match 390/896 (43.5%)  cover 474/896 (52.9%)  TypeSim 0.447
  var     match 39473/58374 (67.6%)  cover 41037/58374 (70.3%)  TypeSim 0.680
  ALL     match 56042/77268 (72.5%)  cover 58049/77268 (75.1%)  TypeSim 0.729

=== Exact-match breakdown (TypeEvalPy leaderboard columns) ===
  Dimension                   Exact match
  Function Return Type       16179 / 17998 
  Function Parameter Type      390 / 896   
  Local Variable Type        39473 / 58374 
  Total                      56042 / 77268 

=== Per category (all dimensions) ===
  args             match 233/332 (70.2%)  cover 248/332 (74.7%)  TypeSim 0.708
  assignments      match 31157/33673 (92.5%)  cover 31182/33673 (92.6%)  TypeSim 0.926
  builtins         match 181/1984 (9.1%)  cover 1090/1984 (54.9%)  TypeSim 0.105
  classes          match 5037/5600 (89.9%)  cover 5067/5600 (90.5%)  TypeSim 0.899
  decorators       match 620/1511 (41.0%)  cover 978/1511 (64.7%)  TypeSim 0.443
  dicts            match 1564/3469 (45.1%)  cover 1756/3469 (50.6%)  TypeSim 0.468
  direct_calls     match 89/161 (55.3%)  cover 89/161 (55.3%)  TypeSim 0.553
  dynamic          match 21/108 (19.4%)  cover 21/108 (19.4%)  TypeSim 0.194
  functions        match 184/491 (37.5%)  cover 198/491 (40.3%)  TypeSim 0.382
  generators       match 146/259 (56.4%)  cover 156/259 (60.2%)  TypeSim 0.577
  imports          match 2006/3024 (66.3%)  cover 2297/3024 (76.0%)  TypeSim 0.682
  kwargs           match 72/161 (44.7%)  cover 72/161 (44.7%)  TypeSim 0.447
  lambdas          match 201/441 (45.6%)  cover 204/441 (46.3%)  TypeSim 0.456
  lists            match 9920/19961 (49.7%)  cover 9993/19961 (50.1%)  TypeSim 0.499
  mro              match 1824/2640 (69.1%)  cover 1911/2640 (72.4%)  TypeSim 0.697
  returns          match 2787/3453 (80.7%)  cover 2787/3453 (80.7%)  TypeSim 0.807

[*] snippets with a backend/convert error: 0
[*] summary -> typeinfer_bench/typeinfer_summary.json
