[*] 153 snippets under /tmp/TypeEvalPy/micro-benchmark/python_features

=== Per dimension ===
  return  match 169/230 (73.5%)  cover 176/230 (76.5%)  TypeSim 0.737
  param   match 62/95 (65.3%)  cover 63/95 (66.3%)  TypeSim 0.653
  var     match 314/525 (59.8%)  cover 347/525 (66.1%)  TypeSim 0.603
  ALL     match 545/850 (64.1%)  cover 586/850 (68.9%)  TypeSim 0.645

=== Per category (all dimensions) ===
  args             match 30/43 (69.8%)  cover 31/43 (72.1%)  TypeSim 0.698
  assignments      match 77/82 (93.9%)  cover 77/82 (93.9%)  TypeSim 0.939
  builtins         match 40/68 (58.8%)  cover 47/68 (69.1%)  TypeSim 0.603
  classes          match 75/122 (61.5%)  cover 94/122 (77.0%)  TypeSim 0.615
  decorators       match 24/52 (46.2%)  cover 27/52 (51.9%)  TypeSim 0.462
  dicts            match 76/107 (71.0%)  cover 80/107 (74.8%)  TypeSim 0.715
  direct_calls     match 13/24 (54.2%)  cover 13/24 (54.2%)  TypeSim 0.542
  dynamic          match 3/9 (33.3%)  cover 3/9 (33.3%)  TypeSim 0.333
  exceptions       match 1/2 (50.0%)  cover 1/2 (50.0%)  TypeSim 0.500
  external         match 2/16 (12.5%)  cover 3/16 (18.8%)  TypeSim 0.125
  functions        match 28/37 (75.7%)  cover 29/37 (78.4%)  TypeSim 0.773
  generators       match 41/70 (58.6%)  cover 43/70 (61.4%)  TypeSim 0.593
  imports          match 17/25 (68.0%)  cover 18/25 (72.0%)  TypeSim 0.704
  kwargs           match 12/22 (54.5%)  cover 12/22 (54.5%)  TypeSim 0.545
  lambdas          match 14/34 (41.2%)  cover 14/34 (41.2%)  TypeSim 0.412
  lists            match 41/60 (68.3%)  cover 41/60 (68.3%)  TypeSim 0.683
  mro              match 20/34 (58.8%)  cover 22/34 (64.7%)  TypeSim 0.588
  returns          match 31/43 (72.1%)  cover 31/43 (72.1%)  TypeSim 0.721

[*] snippets with a backend/convert error: 0
[*] summary -> typeinfer_bench/typeinfer_summary.json
